Archive member included to satisfy reference by file (symbol)

d:/gcc-arm-none-eabi-10.3-2021.10/bin/../lib/gcc/arm-none-eabi/10.3.1/thumb/v7e-m/nofp\libgcc.a(_arm_muldf3.o)
                              CMakeFiles/CanMotor.elf.dir/user/CanMotor/CanMotor.c.obj (__aeabi_dmul)
d:/gcc-arm-none-eabi-10.3-2021.10/bin/../lib/gcc/arm-none-eabi/10.3.1/thumb/v7e-m/nofp\libgcc.a(_arm_mulsf3.o)
                              CMakeFiles/CanMotor.elf.dir/user/PidControl/PidControl.c.obj (__aeabi_fmul)
d:/gcc-arm-none-eabi-10.3-2021.10/bin/../lib/gcc/arm-none-eabi/10.3.1/thumb/v7e-m/nofp\libgcc.a(_arm_addsubdf3.o)
                              CMakeFiles/CanMotor.elf.dir/user/CanMotor/CanMotor.c.obj (__aeabi_dsub)
d:/gcc-arm-none-eabi-10.3-2021.10/bin/../lib/gcc/arm-none-eabi/10.3.1/thumb/v7e-m/nofp\libgcc.a(_arm_muldivdf3.o)
                              CMakeFiles/CanMotor.elf.dir/user/CanMotor/CanMotor.c.obj (__aeabi_ddiv)
d:/gcc-arm-none-eabi-10.3-2021.10/bin/../lib/gcc/arm-none-eabi/10.3.1/thumb/v7e-m/nofp\libgcc.a(_arm_addsubsf3.o)
                              CMakeFiles/CanMotor.elf.dir/user/PidControl/PidControl.c.obj (__aeabi_fsub)
d:/gcc-arm-none-eabi-10.3-2021.10/bin/../lib/gcc/arm-none-eabi/10.3.1/thumb/v7e-m/nofp\libgcc.a(_arm_cmpsf2.o)
                              CMakeFiles/CanMotor.elf.dir/user/PidControl/PidControl.c.obj (__aeabi_fcmplt)
d:/gcc-arm-none-eabi-10.3-2021.10/bin/../lib/gcc/arm-none-eabi/10.3.1/thumb/v7e-m/nofp\libgcc.a(_arm_fixsfsi.o)
                              CMakeFiles/CanMotor.elf.dir/Core/Src/main.c.obj (__aeabi_f2iz)
d:/gcc-arm-none-eabi-10.3-2021.10/bin/../lib/gcc/arm-none-eabi/10.3.1/thumb/v7e-m/nofp\libgcc.a(_aeabi_uldivmod.o)
                              CMakeFiles/CanMotor.elf.dir/Drivers/STM32F4xx_HAL_Driver/Src/stm32f4xx_hal_rcc.c.obj (__aeabi_uldivmod)
d:/gcc-arm-none-eabi-10.3-2021.10/bin/../lib/gcc/arm-none-eabi/10.3.1/thumb/v7e-m/nofp\libgcc.a(_udivmoddi4.o)
                              d:/gcc-arm-none-eabi-10.3-2021.10/bin/../lib/gcc/arm-none-eabi/10.3.1/thumb/v7e-m/nofp\libgcc.a(_aeabi_uldivmod.o) (__udivmoddi4)
d:/gcc-arm-none-eabi-10.3-2021.10/bin/../lib/gcc/arm-none-eabi/10.3.1/thumb/v7e-m/nofp\libgcc.a(_dvmd_tls.o)
                              d:/gcc-arm-none-eabi-10.3-2021.10/bin/../lib/gcc/arm-none-eabi/10.3.1/thumb/v7e-m/nofp\libgcc.a(_aeabi_uldivmod.o) (__aeabi_ldiv0)
d:/gcc-arm-none-eabi-10.3-2021.10/bin/../lib/gcc/arm-none-eabi/10.3.1/../../../../arm-none-eabi/lib/thumb/v7e-m/nofp\libg.a(lib_a-errno.o)
                              CMakeFiles/CanMotor.elf.dir/Core/Src/syscalls.c.obj (__errno)
d:/gcc-arm-none-eabi-10.3-2021.10/bin/../lib/gcc/arm-none-eabi/10.3.1/../../../../arm-none-eabi/lib/thumb/v7e-m/nofp\libg.a(lib_a-exit.o)
                              d:/gcc-arm-none-eabi-10.3-2021.10/bin/../lib/gcc/arm-none-eabi/10.3.1/../../../../arm-none-eabi/lib/thumb/v7e-m/nofp/crt0.o (exit)
d:/gcc-arm-none-eabi-10.3-2021.10/bin/../lib/gcc/arm-none-eabi/10.3.1/../../../../arm-none-eabi/lib/thumb/v7e-m/nofp\libg.a(lib_a-impure.o)
                              d:/gcc-arm-none-eabi-10.3-2021.10/bin/../lib/gcc/arm-none-eabi/10.3.1/../../../../arm-none-eabi/lib/thumb/v7e-m/nofp\libg.a(lib_a-exit.o) (_global_impure_ptr)
d:/gcc-arm-none-eabi-10.3-2021.10/bin/../lib/gcc/arm-none-eabi/10.3.1/../../../../arm-none-eabi/lib/thumb/v7e-m/nofp\libg.a(lib_a-init.o)
                              d:/gcc-arm-none-eabi-10.3-2021.10/bin/../lib/gcc/arm-none-eabi/10.3.1/../../../../arm-none-eabi/lib/thumb/v7e-m/nofp/crt0.o (__libc_init_array)
d:/gcc-arm-none-eabi-10.3-2021.10/bin/../lib/gcc/arm-none-eabi/10.3.1/../../../../arm-none-eabi/lib/thumb/v7e-m/nofp\libg.a(lib_a-memset.o)
                              d:/gcc-arm-none-eabi-10.3-2021.10/bin/../lib/gcc/arm-none-eabi/10.3.1/../../../../arm-none-eabi/lib/thumb/v7e-m/nofp/crt0.o (memset)
d:/gcc-arm-none-eabi-10.3-2021.10/bin/../lib/gcc/arm-none-eabi/10.3.1/../../../../arm-none-eabi/lib/thumb/v7e-m/nofp\libg.a(lib_a-sprintf.o)
                              CMakeFiles/CanMotor.elf.dir/user/PidPosition/PidPosition.c.obj (sprintf)
d:/gcc-arm-none-eabi-10.3-2021.10/bin/../lib/gcc/arm-none-eabi/10.3.1/../../../../arm-none-eabi/lib/thumb/v7e-m/nofp\libg.a(lib_a-svfprintf.o)
                              d:/gcc-arm-none-eabi-10.3-2021.10/bin/../lib/gcc/arm-none-eabi/10.3.1/../../../../arm-none-eabi/lib/thumb/v7e-m/nofp\libg.a(lib_a-sprintf.o) (_svfprintf_r)
d:/gcc-arm-none-eabi-10.3-2021.10/bin/../lib/gcc/arm-none-eabi/10.3.1/../../../../arm-none-eabi/lib/thumb/v7e-m/nofp\libg.a(lib_a-__call_atexit.o)
                              d:/gcc-arm-none-eabi-10.3-2021.10/bin/../lib/gcc/arm-none-eabi/10.3.1/../../../../arm-none-eabi/lib/thumb/v7e-m/nofp\libg.a(lib_a-exit.o) (__call_exitprocs)
d:/gcc-arm-none-eabi-10.3-2021.10/bin/../lib/gcc/arm-none-eabi/10.3.1/../../../../arm-none-eabi/lib/thumb/v7e-m/nofp\libg.a(lib_a-atexit.o)
[...]
Memory Configuration

Name             Origin             Length             Attributes
CCMRAM           0x10000000         0x00010000         xrw
RAM              0x20000000         0x00020000         xrw
FLASH            0x08000000         0x00100000         xr
*default*        0x00000000         0xffffffff

Linker script and memory map

LOAD d:/gcc-arm-none-eabi-10.3-2021.10/bin/../lib/gcc/arm-none-eabi/10.3.1/thumb/v7e-m/nofp/crti.o
LOAD d:/gcc-arm-none-eabi-10.3-2021.10/bin/../lib/gcc/arm-none-eabi/10.3.1/thumb/v7e-m/nofp/crtbegin.o
LOAD d:/gcc-arm-none-eabi-10.3-2021.10/bin/../lib/gcc/arm-none-eabi/10.3.1/../../../../arm-none-eabi/lib/thumb/v7e-m/nofp/crt0.o
LOAD CMakeFiles/CanMotor.elf.dir/Core/Src/can.c.obj
LOAD CMakeFiles/CanMotor.elf.dir/Core/Src/gpio.c.obj
LOAD CMakeFiles/CanMotor.elf.dir/Core/Src/main.c.obj
LOAD CMakeFiles/CanMotor.elf.dir/Core/Src/stm32f4xx_hal_msp.c.obj
LOAD CMakeFiles/CanMotor.elf.dir/Core/Src/stm32f4xx_it.c.obj
LOAD CMakeFiles/CanMotor.elf.dir/Core/Src/syscalls.c.obj
LOAD CMakeFiles/CanMotor.elf.dir/Core/Src/sysmem.c.obj
LOAD CMakeFiles/CanMotor.elf.dir/Core/Src/system_stm32f4xx.c.obj
LOAD CMakeFiles/CanMotor.elf.dir/Core/Src/usart.c.obj
LOAD CMakeFiles/CanMotor.elf.dir/Core/Startup/startup_stm32f407zgtx.s.obj
LOAD CMakeFiles/CanMotor.elf.dir/Drivers/STM32F4xx_HAL_Driver/Src/stm32f4xx_hal.c.obj
LOAD CMakeFiles/CanMotor.elf.dir/Drivers/STM32F4xx_HAL_Driver/Src/stm32f4xx_hal_can.c.obj
LOAD CMakeFiles/CanMotor.elf.dir/Drivers/STM32F4xx_HAL_Driver/Src/stm32f4xx_hal_cortex.c.obj
LOAD CMakeFiles/CanMotor.elf.dir/Drivers/STM32F4xx_HAL_Driver/Src/stm32f4xx_hal_dma.c.obj
LOAD CMakeFiles/CanMotor.elf.dir/Drivers/STM32F4xx_HAL_Driver/Src/stm32f4xx_hal_dma_ex.c.obj
LOAD CMakeFiles/CanMotor.elf.dir/Drivers/STM32F4xx_HAL_Driver/Src/stm32f4xx_hal_exti.c.obj
LOAD CMakeFiles/CanMotor.elf.dir/Drivers/STM32F4xx_HAL_Driver/Src/stm32f4xx_hal_flash.c.obj
LOAD CMakeFiles/CanMotor.elf.dir/Drivers/STM32F4xx_HAL_Driver/Src/stm32f4xx_hal_flash_ex.c.obj
LOAD CMakeFiles/CanMotor.elf.dir/Drivers/STM32F4xx_HAL_Driver/Src/stm32f4xx_hal_flash_ramfunc.c.obj
LOAD CMakeFiles/CanMotor.elf.dir/Drivers/STM32F4xx_HAL_Driver/Src/stm32f4xx_hal_gpio.c.obj
LOAD CMakeFiles/CanMotor.elf.dir/Drivers/STM32F4xx_HAL_Driver/Src/stm32f4xx_hal_pwr.c.obj
LOAD CMakeFiles/CanMotor.elf.dir/Drivers/STM32F4xx_HAL_Driver/Src/stm32f4xx_hal_pwr_ex.c.obj
LOAD CMakeFiles/CanMotor.elf.dir/Drivers/STM32F4xx_HAL_Driver/Src/stm32f4xx_hal_rcc.c.obj
LOAD CMakeFiles/CanMotor.elf.dir/Drivers/STM32F4xx_HAL_Driver/Src/stm32f4xx_hal_rcc_ex.c.obj
LOAD CMakeFiles/CanMotor.elf.dir/Drivers/STM32F4xx_HAL_Driver/Src/stm32f4xx_hal_tim.c.obj
LOAD CMakeFiles/CanMotor.elf.dir/Drivers/STM32F4xx_HAL_Driver/Src/stm32f4xx_hal_tim_ex.c.obj
LOAD CMakeFiles/CanMotor.elf.dir/Drivers/STM32F4xx_HAL_Driver/Src/stm32f4xx_hal_uart.c.obj
LOAD CMakeFiles/CanMotor.elf.dir/user/CanMotor/CanMotor.c.obj
LOAD CMakeFiles/CanMotor.elf.dir/user/PidControl/PidControl.c.obj
LOAD CMakeFiles/CanMotor.elf.dir/user/PidPosition/PidPosition.c.obj
LOAD CMakeFiles/CanMotor.elf.dir/user/PidSpeed/PidSpeed.c.obj
START GROUP
LOAD d:/gcc-arm-none-eabi-10.3-2021.10/bin/../lib/gcc/arm-none-eabi/10.3.1/thumb/v7e-m/nofp\libgcc.a
LOAD d:/gcc-arm-none-eabi-10.3-2021.10/bin/../lib/gcc/arm-none-eabi/10.3.1/../../../../arm-none-eabi/lib/thumb/v7e-m/nofp\libg.a
LOAD d:/gcc-arm-none-eabi-10.3-2021.10/bin/../lib/gcc/arm-none-eabi/10.3.1/../../../../arm-none-eabi/lib/thumb/v7e-m/nofp\libc.a
END GROUP
LOAD d:/gcc-arm-none-eabi-10.3-2021.10/bin/../lib/gcc/arm-none-eabi/10.3.1/thumb/v7e-m/nofp/crtend.o
LOAD d:/gcc-arm-none-eabi-10.3-2021.10/bin/../lib/gcc/arm-none-eabi/10.3.1/thumb/v7e-m/nofp/crtn.o
                0x20020000                _estack = (ORIGIN (RAM) + LENGTH (RAM))
                0x00000200                _Min_Heap_Size = 0x200
                0x00000400                _Min_Stack_Size = 0x400

.isr_vector     0x08000000      0x188
                0x08000000                . = ALIGN (0x4)
 *(.isr_vector)
 .isr_vector    0x08000000      0x188 CMakeFiles/CanMotor.elf.dir/Core/Startup/startup_stm32f407zgtx.s.obj
                0x08000000                g_pfnVectors
                0x08000188                . = ALIGN (0x4)

.text           0x080001c0     0x90e8
                0x080001c0                . = ALIGN (0x4)
 *(.text)
 .text          0x080001c0       0x40 d:/gcc-arm-none-eabi-10.3-2021.10/bin/../lib/gcc/arm-none-eabi/10.3.1/thumb/v7e-m/nofp/crtbegin.o
 .text          0x08000200      0x168 d:/gcc-arm-none-eabi-10.3-2021.10/bin/../lib/gcc/arm-none-eabi/10.3.1/thumb/v7e-m/nofp\libgcc.a(_arm_mulsf3.o)
                0x08000200                __aeabi_fmul
                0x08000200                __mulsf3
 .text          0x08000368      0x378 d:/gcc-arm-none-eabi-10.3-2021.10/bin/../lib/gcc/arm-none-eabi/10.3.1/thumb/v7e-m/nofp\libgcc.a(_arm_addsubdf3.o)
                0x08000368                __aeabi_drsub
                0x08000370                __aeabi_dsub
                0x08000370                __subdf3
                0x08000374                __aeabi_dadd
                0x08000374                __adddf3
                0x080005ec                __floatunsidf
                0x080005ec                __aeabi_ui2d
                0x0800060c                __floatsidf
                0x0800060c                __aeabi_i2d
                0x08000630                __aeabi_f2d
                0x08000630                __extendsfdf2
                0x08000674                __floatundidf
                0x08000674                __aeabi_ul2d
                0x08000684                __floatdidf
                0x08000684                __aeabi_l2d
 .text          0x080006e0      0x424 d:/gcc-arm-none-eabi-10.3-2021.10/bin/../lib/gcc/arm-none-eabi/10.3.1/thumb/v7e-m/nofp\libgcc.a(_arm_muldivdf3.o)
                0x080006e0                __aeabi_dmul
                0x080006e0                __muldf3
                0x08000934                __divdf3
                0x08000934                __aeabi_ddiv
 .text          0x08000b04      0x21c d:/gcc-arm-none-eabi-10.3-2021.10/bin/../lib/gcc/arm-none-eabi/10.3.1/thumb/v7e-m/nofp\libgcc.a(_arm_addsubsf3.o)
                0x08000b04                __aeabi_frsub
                0x08000b0c                __subsf3
                0x08000b0c                __aeabi_fsub
                0x08000b10                __aeabi_fadd
                0x08000b10                __addsf3
                0x08000c70                __aeabi_ui2f
                0x08000c70                __floatunsisf
                0x08000c78                __aeabi_i2f
                0x08000c78                __floatsisf
                0x08000c94                __aeabi_ul2f
                0x08000c94                __floatundisf
                0x08000ca4                __aeabi_l2f
                0x08000ca4                __floatdisf
 .text          0x08000d20       0xec d:/gcc-arm-none-eabi-10.3-2021.10/bin/../lib/gcc/arm-none-eabi/10.3.1/thumb/v7e-m/nofp\libgcc.a(_arm_cmpsf2.o)
                0x08000d20                __gesf2
                0x08000d20                __gtsf2
                0x08000d28                __lesf2
                0x08000d28                __ltsf2
                0x08000d30                __nesf2
                0x08000d30                __eqsf2
                0x08000d30                __cmpsf2
                0x08000d90                __aeabi_cfrcmple
                0x08000d98                __aeabi_cfcmpeq
                0x08000d98                __aeabi_cfcmple
                0x08000da8                __aeabi_fcmpeq
                0x08000dbc                __aeabi_fcmplt
                0x08000dd0                __aeabi_fcmple
                0x08000de4                __aeabi_fcmpge
                0x08000df8                __aeabi_fcmpgt
 .text          0x08000e0c       0x4c d:/gcc-arm-none-eabi-10.3-2021.10/bin/../lib/gcc/arm-none-eabi/10.3.1/thumb/v7e-m/nofp\libgcc.a(_arm_fixsfsi.o)
                0x08000e0c                __aeabi_f2iz
                0x08000e0c                __fixsfsi
 .text          0x08000e58       0x30 d:/gcc-arm-none-eabi-10.3-2021.10/bin/../lib/gcc/arm-none-eabi/10.3.1/thumb/v7e-m/nofp\libgcc.a(_aeabi_uldivmod.o)
                0x08000e58                __aeabi_uldivmod
 .text          0x08000e88      0x2d0 d:/gcc-arm-none-eabi-10.3-2021.10/bin/../lib/gcc/arm-none-eabi/10.3.1/thumb/v7e-m/nofp\libgcc.a(_udivmoddi4.o)
                0x08000e88                __udivmoddi4
 .text          0x08001158        0x4 d:/gcc-arm-none-eabi-10.3-2021.10/bin/../lib/gcc/arm-none-eabi/10.3.1/thumb/v7e-m/nofp\libgcc.a(_dvmd_tls.o)
                0x08001158                __aeabi_idiv0
                0x08001158                __aeabi_ldiv0
 *fill*         0x0800115c        0x4 
 .text          0x08001160       0xa0 d:/gcc-arm-none-eabi-10.3-2021.10/bin/../lib/gcc/arm-none-eabi/10.3.1/../../../../arm-none-eabi/lib/thumb/v7e-m/nofp\libg.a(lib_a-memchr.o)
                0x08001160                memchr
 .text          0x08001200      0x134 d:/gcc-arm-none-eabi-10.3-2021.10/bin/../lib/gcc/arm-none-eabi/10.3.1/../../../../arm-none-eabi/lib/thumb/v7e-m/nofp\libg.a(lib_a-memcpy.o)
                0x08001200                memcpy
 *fill*         0x08001334        0xc 
 .text          0x08001340       0xdc d:/gcc-arm-none-eabi-10.3-2021.10/bin/../lib/gcc/arm-none-eabi/10.3.1/../../../../arm-none-eabi/lib/thumb/v7e-m/nofp\libg.a(lib_a-strlen.o)
                0x08001340                strlen
 .text          0x0800141c      0x110 d:/gcc-arm-none-eabi-10.3-2021.10/bin/../lib/gcc/arm-none-eabi/10.3.1/thumb/v7e-m/nofp\libgcc.a(_arm_cmpdf2.o)
                0x0800141c                __gtdf2
                0x0800141c                __gedf2
                0x08001424                __ltdf2
                0x08001424                __ledf2
                0x0800142c                __nedf2
                0x0800142c                __eqdf2
                0x0800142c                __cmpdf2
                0x080014a8                __aeabi_cdrcmple
                0x080014b8                __aeabi_cdcmpeq
                0x080014b8                __aeabi_cdcmple
                0x080014c8                __aeabi_dcmpeq
                0x080014dc                __aeabi_dcmplt
                0x080014f0                __aeabi_dcmple
                0x08001504                __aeabi_dcmpge
                0x08001518                __aeabi_dcmpgt
 .text          0x0800152c       0x2c d:/gcc-arm-none-eabi-10.3-2021.10/bin/../lib/gcc/arm-none-eabi/10.3.1/thumb/v7e-m/nofp\libgcc.a(_arm_unorddf2.o)
                0x0800152c                __unorddf2
                0x0800152c                __aeabi_dcmpun
 .text          0x08001558       0x50 d:/gcc-arm-none-eabi-10.3-2021.10/bin/../lib/gcc/arm-none-eabi/10.3.1/thumb/v7e-m/nofp\libgcc.a(_arm_fixdfsi.o)
                0x08001558                __aeabi_d2iz
                0x08001558                __fixdfsi
 *(.text*)
 .text.MX_CAN1_Init
                0x080015a8       0x44 CMakeFiles/CanMotor.elf.dir/Core/Src/can.c.obj
                0x080015a8                MX_CAN1_Init
 .text.MX_CAN2_Init
                0x080015ec       0x44 CMakeFiles/CanMotor.elf.dir/Core/Src/can.c.obj
                0x080015ec                MX_CAN2_Init
 .text.HAL_CAN_MspInit
                0x08001630      0x12c CMakeFiles/CanMotor.elf.dir/Core/Src/can.c.obj
                0x08001630                HAL_CAN_MspInit
 .text.MX_GPIO_Init
                0x0800175c       0x60 CMakeFiles/CanMotor.elf.dir/Core/Src/gpio.c.obj
                0x0800175c                MX_GPIO_Init
 .text.SystemClock_Config
                0x080017bc       0x94 CMakeFiles/CanMotor.elf.dir/Core/Src/main.c.obj
                0x080017bc                SystemClock_Config
 .text.main     0x08001850       0x54 CMakeFiles/CanMotor.elf.dir/Core/Src/main.c.obj
                0x08001850                main
 .text.Error_Handler
                0x080018a4        0x2 CMakeFiles/CanMotor.elf.dir/Core/Src/main.c.obj
                0x080018a4                Error_Handler
 *fill*         0x080018a6        0x2 
 .text.HAL_MspInit
                0x080018a8       0x38 CMakeFiles/CanMotor.elf.dir/Core/Src/stm32f4xx_hal_msp.c.obj
                0x080018a8                HAL_MspInit
 .text.NMI_Handler
                0x080018e0        0x2 CMakeFiles/CanMotor.elf.dir/Core/Src/stm32f4xx_it.c.obj
                0x080018e0                NMI_Handler
 .text.HardFault_Handler
                0x080018e2        0x2 CMakeFiles/CanMotor.elf.dir/Core/Src/stm32f4xx_it.c.obj
                0x080018e2                HardFault_Handler
 .text.MemManage_Handler
                0x080018e4        0x2 CMakeFiles/CanMotor.elf.dir/Core/Src/stm32f4xx_it.c.obj
                0x080018e4                MemManage_Handler
 .text.BusFault_Handler
                0x080018e6        0x2 CMakeFiles/CanMotor.elf.dir/Core/Src/stm32f4xx_it.c.obj
                0x080018e6                BusFault_Handler
 .text.UsageFault_Handler
                0x080018e8        0x2 CMakeFiles/CanMotor.elf.dir/Core/Src/stm32f4xx_it.c.obj
                0x080018e8                UsageFault_Handler
 .text.SVC_Handler
                0x080018ea        0x2 CMakeFiles/CanMotor.elf.dir/Core/Src/stm32f4xx_it.c.obj
                0x080018ea                SVC_Handler
 .text.DebugMon_Handler
                0x080018ec        0x2 CMakeFiles/CanMotor.elf.dir/Core/Src/stm32f4xx_it.c.obj
                0x080018ec                DebugMon_Handler
 .text.PendSV_Handler
                0x080018ee        0x2 CMakeFiles/CanMotor.elf.dir/Core/Src/stm32f4xx_it.c.obj
                0x080018ee                PendSV_Handler
 .text.SysTick_Handler
                0x080018f0        0x8 CMakeFiles/CanMotor.elf.dir/Core/Src/stm32f4xx_it.c.obj
                0x080018f0                SysTick_Handler
 .text.CAN1_RX0_IRQHandler
                0x080018f8       0x10 CMakeFiles/CanMotor.elf.dir/Core/Src/stm32f4xx_it.c.obj
                0x080018f8                CAN1_RX0_IRQHandler
 .text.CAN2_RX0_IRQHandler
                0x08001908       0x10 CMakeFiles/CanMotor.elf.dir/Core/Src/stm32f4xx_it.c.obj
                0x08001908                CAN2_RX0_IRQHandler
 .text._getpid  0x08001918        0x4 CMakeFiles/CanMotor.elf.dir/Core/Src/syscalls.c.obj
                0x08001918                _getpid
 .text._kill    0x0800191c       0x10 CMakeFiles/CanMotor.elf.dir/Core/Src/syscalls.c.obj
                0x0800191c                _kill
 .text._exit    0x0800192c        0xc CMakeFiles/CanMotor.elf.dir/Core/Src/syscalls.c.obj
                0x0800192c                _exit
 .text._read    0x08001938       0x20 CMakeFiles/CanMotor.elf.dir/Core/Src/syscalls.c.obj
                0x08001938                _read
 .text._write   0x08001958       0x1c CMakeFiles/CanMotor.elf.dir/Core/Src/syscalls.c.obj
                0x08001958                _write
 .text._close   0x08001974        0x6 CMakeFiles/CanMotor.elf.dir/Core/Src/syscalls.c.obj
                0x08001974                _close
 .text._fstat   0x0800197a        0xa CMakeFiles/CanMotor.elf.dir/Core/Src/syscalls.c.obj
                0x0800197a                _fstat
 .text._isatty  0x08001984        0x4 CMakeFiles/CanMotor.elf.dir/Core/Src/syscalls.c.obj
                0x08001984                _isatty
 .text._lseek   0x08001988        0x4 CMakeFiles/CanMotor.elf.dir/Core/Src/syscalls.c.obj
                0x08001988                _lseek
 .text._sbrk    0x0800198c       0x48 CMakeFiles/CanMotor.elf.dir/Core/Src/sysmem.c.obj
                0x0800198c                _sbrk
 .text.SystemInit
                0x080019d4       0x10 CMakeFiles/CanMotor.elf.dir/Core/Src/system_stm32f4xx.c.obj
                0x080019d4                SystemInit
 .text.MX_USART1_UART_Init
                0x080019e4       0x34 CMakeFiles/CanMotor.elf.dir/Core/Src/usart.c.obj
                0x080019e4                MX_USART1_UART_Init
 .text.HAL_UART_MspInit
                0x08001a18       0x74 CMakeFiles/CanMotor.elf.dir/Core/Src/usart.c.obj
                0x08001a18                HAL_UART_MspInit
 .text.Reset_Handler
                0x08001a8c       0x50 CMakeFiles/CanMotor.elf.dir/Core/Startup/startup_stm32f407zgtx.s.obj
                0x08001a8c                Reset_Handler
 .text.Default_Handler
                0x08001adc        0x2 CMakeFiles/CanMotor.elf.dir/Core/Startup/startup_stm32f407zgtx.s.obj
                0x08001adc                RTC_Alarm_IRQHandler
                0x08001adc                HASH_RNG_IRQHandler
                0x08001adc                EXTI2_IRQHandler
                0x08001adc                TIM8_CC_IRQHandler
                0x08001adc                TIM1_CC_IRQHandler
                0x08001adc                DMA2_Stream5_IRQHandler
                0x08001adc                DMA1_Stream5_IRQHandler
                0x08001adc                PVD_IRQHandler
                0x08001adc                SDIO_IRQHandler
                0x08001adc                TAMP_STAMP_IRQHandler
                0x08001adc                CAN2_RX1_IRQHandler
                0x08001adc                EXTI3_IRQHandler
                0x08001adc                TIM8_TRG_COM_TIM14_IRQHandler
                0x08001adc                TIM1_UP_TIM10_IRQHandler
                0x08001adc                TIM8_UP_TIM13_IRQHandler
                0x08001adc                I2C3_ER_IRQHandler
                0x08001adc                EXTI0_IRQHandler
                0x08001adc                I2C2_EV_IRQHandler
                0x08001adc                DMA1_Stream2_IRQHandler
                0x08001adc                FPU_IRQHandler
                0x08001adc                OTG_HS_WKUP_IRQHandler
                0x08001adc                CAN2_SCE_IRQHandler
                0x08001adc                DMA2_Stream2_IRQHandler
                0x08001adc                SPI1_IRQHandler
                0x08001adc                TIM6_DAC_IRQHandler
                0x08001adc                TIM1_BRK_TIM9_IRQHandler
                0x08001adc                DCMI_IRQHandler
                0x08001adc                DMA2_Stream3_IRQHandler
                0x08001adc                USART6_IRQHandler
                0x08001adc                USART3_IRQHandler
                0x08001adc                CAN1_RX1_IRQHandler
                0x08001adc                UART5_IRQHandler
                0x08001adc                DMA2_Stream0_IRQHandler
                0x08001adc                TIM4_IRQHandler
                0x08001adc                I2C1_EV_IRQHandler
                0x08001adc                DMA1_Stream6_IRQHandler
                0x08001adc                DMA1_Stream1_IRQHandler
                0x08001adc                UART4_IRQHandler
                0x08001adc                TIM3_IRQHandler
                0x08001adc                RCC_IRQHandler
                0x08001adc                TIM8_BRK_TIM12_IRQHandler
                0x08001adc                Default_Handler
                0x08001adc                EXTI15_10_IRQHandler
                0x08001adc                ADC_IRQHandler
                0x08001adc                DMA1_Stream7_IRQHandler
                0x08001adc                TIM7_IRQHandler
                0x08001adc                CAN2_TX_IRQHandler
                0x08001adc                TIM5_IRQHandler
                0x08001adc                DMA2_Stream7_IRQHandler
                0x08001adc                I2C3_EV_IRQHandler
                0x08001adc                EXTI9_5_IRQHandler
                0x08001adc                RTC_WKUP_IRQHandler
                0x08001adc                ETH_WKUP_IRQHandler
                0x08001adc                SPI2_IRQHandler
                0x08001adc                OTG_HS_EP1_IN_IRQHandler
                0x08001adc                DMA1_Stream0_IRQHandler
                0x08001adc                CAN1_TX_IRQHandler
                0x08001adc                EXTI4_IRQHandler
                0x08001adc                FSMC_IRQHandler
                0x08001adc                ETH_IRQHandler
                0x08001adc                OTG_HS_EP1_OUT_IRQHandler
                0x08001adc                WWDG_IRQHandler
                0x08001adc                TIM2_IRQHandler
                0x08001adc                OTG_FS_WKUP_IRQHandler
                0x08001adc                TIM1_TRG_COM_TIM11_IRQHandler
                0x08001adc                OTG_HS_IRQHandler
                0x08001adc                EXTI1_IRQHandler
                0x08001adc                USART2_IRQHandler
                0x08001adc                I2C2_ER_IRQHandler
                0x08001adc                DMA2_Stream1_IRQHandler
                0x08001adc                CAN1_SCE_IRQHandler
                0x08001adc                FLASH_IRQHandler
                0x08001adc                DMA2_Stream4_IRQHandler
                0x08001adc                USART1_IRQHandler
                0x08001adc                OTG_FS_IRQHandler
                0x08001adc                SPI3_IRQHandler
                0x08001adc                DMA1_Stream4_IRQHandler
                0x08001adc                I2C1_ER_IRQHandler
                0x08001adc                DMA2_Stream6_IRQHandler
                0x08001adc                DMA1_Stream3_IRQHandler
 *fill*         0x08001ade        0x2 
 .text.HAL_InitTick
                0x08001ae0       0x4c CMakeFiles/CanMotor.elf.dir/Drivers/STM32F4xx_HAL_Driver/Src/stm32f4xx_hal.c.obj
                0x08001ae0                HAL_InitTick
 .text.HAL_Init
                0x08001b2c       0x34 CMakeFiles/CanMotor.elf.dir/Drivers/STM32F4xx_HAL_Driver/Src/stm32f4xx_hal.c.obj
                0x08001b2c                HAL_Init
 .text.HAL_IncTick
                0x08001b60       0x18 CMakeFiles/CanMotor.elf.dir/Drivers/STM32F4xx_HAL_Driver/Src/stm32f4xx_hal.c.obj
                0x08001b60                HAL_IncTick
 .text.HAL_GetTick
                0x08001b78        0xc CMakeFiles/CanMotor.elf.dir/Drivers/STM32F4xx_HAL_Driver/Src/stm32f4xx_hal.c.obj
                0x08001b78                HAL_GetTick
 .text.HAL_Delay
                0x08001b84       0x28 CMakeFiles/CanMotor.elf.dir/Drivers/STM32F4xx_HAL_Driver/Src/stm32f4xx_hal.c.obj
                0x08001b84                HAL_Delay
 .text.HAL_CAN_Init
                0x08001bac      0x14c CMakeFiles/CanMotor.elf.dir/Drivers/STM32F4xx_HAL_Driver/Src/stm32f4xx_hal_can.c.obj
                0x08001bac                HAL_CAN_Init
 .text.HAL_CAN_ConfigFilter
                0x08001cf8      0x13c CMakeFiles/CanMotor.elf.dir/Drivers/STM32F4xx_HAL_Driver/Src/stm32f4xx_hal_can.c.obj
                0x08001cf8                HAL_CAN_ConfigFilter
 .text.HAL_CAN_Start
                0x08001e34       0x5c CMakeFiles/CanMotor.elf.dir/Drivers/STM32F4xx_HAL_Driver/Src/stm32f4xx_hal_can.c.obj
                0x08001e34                HAL_CAN_Start
 .text.HAL_CAN_AddTxMessage
                0x08001e90       0xfc CMakeFiles/CanMotor.elf.dir/Drivers/STM32F4xx_HAL_Driver/Src/stm32f4xx_hal_can.c.obj
                0x08001e90                HAL_CAN_AddTxMessage
 .text.HAL_CAN_GetRxMessage
                0x08001f8c      0x156 CMakeFiles/CanMotor.elf.dir/Drivers/STM32F4xx_HAL_Driver/Src/stm32f4xx_hal_can.c.obj
                0x08001f8c                HAL_CAN_GetRxMessage
 .text.HAL_CAN_ActivateNotification
                0x080020e2       0x24 CMakeFiles/CanMotor.elf.dir/Drivers/STM32F4xx_HAL_Driver/Src/stm32f4xx_hal_can.c.obj
                0x080020e2                HAL_CAN_ActivateNotification
 .text.HAL_CAN_TxMailbox0CompleteCallback
                0x08002106        0x2 CMakeFiles/CanMotor.elf.dir/Drivers/STM32F4xx_HAL_Driver/Src/stm32f4xx_hal_can.c.obj
                0x08002106                HAL_CAN_TxMailbox0CompleteCallback
 .text.HAL_CAN_TxMailbox1CompleteCallback
                0x08002108        0x2 CMakeFiles/CanMotor.elf.dir/Drivers/STM32F4xx_HAL_Driver/Src/stm32f4xx_hal_can.c.obj
                0x08002108                HAL_CAN_TxMailbox1CompleteCallback
 .text.HAL_CAN_TxMailbox2CompleteCallback
                0x0800210a        0x2 CMakeFiles/CanMotor.elf.dir/Drivers/STM32F4xx_HAL_Driver/Src/stm32f4xx_hal_can.c.obj
                0x0800210a                HAL_CAN_TxMailbox2CompleteCallback
 .text.HAL_CAN_TxMailbox0AbortCallback
                0x0800210c        0x2 CMakeFiles/CanMotor.elf.dir/Drivers/STM32F4xx_HAL_Driver/Src/stm32f4xx_hal_can.c.obj
                0x0800210c                HAL_CAN_TxMailbox0AbortCallback
 .text.HAL_CAN_TxMailbox1AbortCallback
                0x0800210e        0x2 CMakeFiles/CanMotor.elf.dir/Drivers/STM32F4xx_HAL_Driver/Src/stm32f4xx_hal_can.c.obj
                0x0800210e                HAL_CAN_TxMailbox1AbortCallback
 .text.HAL_CAN_TxMailbox2AbortCallback
                0x08002110        0x2 CMakeFiles/CanMotor.elf.dir/Drivers/STM32F4xx_HAL_Driver/Src/stm32f4xx_hal_can.c.obj
                0x08002110                HAL_CAN_TxMailbox2AbortCallback
 .text.HAL_CAN_RxFifo0FullCallback
                0x08002112        0x2 CMakeFiles/CanMotor.elf.dir/Drivers/STM32F4xx_HAL_Driver/Src/stm32f4xx_hal_can.c.obj
                0x08002112                HAL_CAN_RxFifo0FullCallback
 .text.HAL_CAN_RxFifo1MsgPendingCallback
                0x08002114        0x2 CMakeFiles/CanMotor.elf.dir/Drivers/STM32F4xx_HAL_Driver/Src/stm32f4xx_hal_can.c.obj
                0x08002114                HAL_CAN_RxFifo1MsgPendingCallback
 .text.HAL_CAN_RxFifo1FullCallback
                0x08002116        0x2 CMakeFiles/CanMotor.elf.dir/Drivers/STM32F4xx_HAL_Driver/Src/stm32f4xx_hal_can.c.obj
                0x08002116                HAL_CAN_RxFifo1FullCallback
 .text.HAL_CAN_SleepCallback
                0x08002118        0x2 CMakeFiles/CanMotor.elf.dir/Drivers/STM32F4xx_HAL_Driver/Src/stm32f4xx_hal_can.c.obj
                0x08002118                HAL_CAN_SleepCallback
 .text.HAL_CAN_WakeUpFromRxMsgCallback
                0x0800211a        0x2 CMakeFiles/CanMotor.elf.dir/Drivers/STM32F4xx_HAL_Driver/Src/stm32f4xx_hal_can.c.obj
                0x0800211a                HAL_CAN_WakeUpFromRxMsgCallback
 .text.HAL_CAN_ErrorCallback
                0x0800211c        0x2 CMakeFiles/CanMotor.elf.dir/Drivers/STM32F4xx_HAL_Driver/Src/stm32f4xx_hal_can.c.obj
                0x0800211c                HAL_CAN_ErrorCallback
 .text.HAL_CAN_IRQHandler
                0x0800211e      0x24a CMakeFiles/CanMotor.elf.dir/Drivers/STM32F4xx_HAL_Driver/Src/stm32f4xx_hal_can.c.obj
                0x0800211e                HAL_CAN_IRQHandler
 .text.HAL_NVIC_SetPriorityGrouping
                0x08002368       0x24 CMakeFiles/CanMotor.elf.dir/Drivers/STM32F4xx_HAL_Driver/Src/stm32f4xx_hal_cortex.c.obj
                0x08002368                HAL_NVIC_SetPriorityGrouping
 .text.HAL_NVIC_SetPriority
                0x0800238c       0x70 CMakeFiles/CanMotor.elf.dir/Drivers/STM32F4xx_HAL_Driver/Src/stm32f4xx_hal_cortex.c.obj
                0x0800238c                HAL_NVIC_SetPriority
 .text.HAL_NVIC_EnableIRQ
                0x080023fc       0x1c CMakeFiles/CanMotor.elf.dir/Drivers/STM32F4xx_HAL_Driver/Src/stm32f4xx_hal_cortex.c.obj
                0x080023fc                HAL_NVIC_EnableIRQ
 .text.HAL_SYSTICK_Config
                0x08002418       0x28 CMakeFiles/CanMotor.elf.dir/Drivers/STM32F4xx_HAL_Driver/Src/stm32f4xx_hal_cortex.c.obj
                0x08002418                HAL_SYSTICK_Config
 .text.HAL_GPIO_Init
                0x08002440      0x1d0 CMakeFiles/CanMotor.elf.dir/Drivers/STM32F4xx_HAL_Driver/Src/stm32f4xx_hal_gpio.c.obj
                0x08002440                HAL_GPIO_Init
 .text.HAL_RCC_OscConfig
                0x08002610      0x3ec CMakeFiles/CanMotor.elf.dir/Drivers/STM32F4xx_HAL_Driver/Src/stm32f4xx_hal_rcc.c.obj
                0x08002610                HAL_RCC_OscConfig
 .text.HAL_RCC_GetSysClockFreq
                0x080029fc       0xd8 CMakeFiles/CanMotor.elf.dir/Drivers/STM32F4xx_HAL_Driver/Src/stm32f4xx_hal_rcc.c.obj
                0x080029fc                HAL_RCC_GetSysClockFreq
 .text.HAL_RCC_ClockConfig
                0x08002ad4      0x160 CMakeFiles/CanMotor.elf.dir/Drivers/STM32F4xx_HAL_Driver/Src/stm32f4xx_hal_rcc.c.obj
                0x08002ad4                HAL_RCC_ClockConfig
 .text.HAL_RCC_GetHCLKFreq
                0x08002c34        0xc CMakeFiles/CanMotor.elf.dir/Drivers/STM32F4xx_HAL_Driver/Src/stm32f4xx_hal_rcc.c.obj
                0x08002c34                HAL_RCC_GetHCLKFreq
 .text.HAL_RCC_GetPCLK1Freq
                0x08002c40       0x20 CMakeFiles/CanMotor.elf.dir/Drivers/STM32F4xx_HAL_Driver/Src/stm32f4xx_hal_rcc.c.obj
                0x08002c40                HAL_RCC_GetPCLK1Freq
 .text.HAL_RCC_GetPCLK2Freq
                0x08002c60       0x20 CMakeFiles/CanMotor.elf.dir/Drivers/STM32F4xx_HAL_Driver/Src/stm32f4xx_hal_rcc.c.obj
                0x08002c60                HAL_RCC_GetPCLK2Freq
 .text.UART_SetConfig
                0x08002c80      0x1d4 CMakeFiles/CanMotor.elf.dir/Drivers/STM32F4xx_HAL_Driver/Src/stm32f4xx_hal_uart.c.obj
 .text.UART_WaitOnFlagUntilTimeout
                0x08002e54       0x6c CMakeFiles/CanMotor.elf.dir/Drivers/STM32F4xx_HAL_Driver/Src/stm32f4xx_hal_uart.c.obj
 .text.HAL_UART_Init
                0x08002ec0       0x5e CMakeFiles/CanMotor.elf.dir/Drivers/STM32F4xx_HAL_Driver/Src/stm32f4xx_hal_uart.c.obj
                0x08002ec0                HAL_UART_Init
 .text.HAL_UART_Transmit
                0x08002f1e       0xe0 CMakeFiles/CanMotor.elf.dir/Drivers/STM32F4xx_HAL_Driver/Src/stm32f4xx_hal_uart.c.obj
                0x08002f1e                HAL_UART_Transmit
 *fill*         0x08002ffe        0x2 
 .text.can_filter_init
                0x08003000       0x58 CMakeFiles/CanMotor.elf.dir/user/CanMotor/CanMotor.c.obj
                0x08003000                can_filter_init
 .text.HAL_CAN_RxFifo0MsgPendingCallback
                0x08003058      0x108 CMakeFiles/CanMotor.elf.dir/user/CanMotor/CanMotor.c.obj
                0x08003058                HAL_CAN_RxFifo0MsgPendingCallback
 .text.set_GM6020_motor_voltage
                0x08003160       0x3c CMakeFiles/CanMotor.elf.dir/user/CanMotor/CanMotor.c.obj
                0x08003160                set_GM6020_motor_voltage
 .text.CAN_Init
                0x0800319c       0x1c CMakeFiles/CanMotor.elf.dir/user/CanMotor/CanMotor.c.obj
                0x0800319c                CAN_Init
 .text.CANMOTOR_Init
                0x080031b8       0x1c CMakeFiles/CanMotor.elf.dir/user/CanMotor/CanMotor.c.obj
                0x080031b8                CANMOTOR_Init
 .text.pid_init
                0x080031d4       0x10 CMakeFiles/CanMotor.elf.dir/user/PidControl/PidControl.c.obj
                0x080031d4                pid_init
 .text.gimbal_PID_init
                0x080031e4       0x50 CMakeFiles/CanMotor.elf.dir/user/PidControl/PidControl.c.obj
                0x080031e4                gimbal_PID_init
 .text.Pwm_Change
                0x08003234       0x3c CMakeFiles/CanMotor.elf.dir/user/PidControl/PidControl.c.obj
                0x08003234                Pwm_Change
 .text.PidPosition_PwmGet
                0x08003270       0xf8 CMakeFiles/CanMotor.elf.dir/user/PidPosition/PidPosition.c.obj
                0x08003270                PidPosition_PwmGet
 .text.PidPosition_Init
                0x08003368       0x40 CMakeFiles/CanMotor.elf.dir/user/PidPosition/PidPosition.c.obj
                0x08003368                PidPosition_Init
 .text.PidSpeed_Init
                0x080033a8       0x20 CMakeFiles/CanMotor.elf.dir/user/PidSpeed/PidSpeed.c.obj
                0x080033a8                PidSpeed_Init
 .text.__errno  0x080033c8        0xc d:/gcc-arm-none-eabi-10.3-2021.10/bin/../lib/gcc/arm-none-eabi/10.3.1/../../../../arm-none-eabi/lib/thumb/v7e-m/nofp\libg.a(lib_a-errno.o)
                0x080033c8                __errno
 .text.__libc_init_array
                0x080033d4       0x48 d:/gcc-arm-none-eabi-10.3-2021.10/bin/../lib/gcc/arm-none-eabi/10.3.1/../../../../arm-none-eabi/lib/thumb/v7e-m/nofp\libg.a(lib_a-init.o)
                0x080033d4                __libc_init_array
 .text.memset   0x0800341c       0xa4 d:/gcc-arm-none-eabi-10.3-2021.10/bin/../lib/gcc/arm-none-eabi/10.3.1/../../../../arm-none-eabi/lib/thumb/v7e-m/nofp\libg.a(lib_a-memset.o)
                0x0800341c                memset
 .text.sprintf  0x080034c0       0x40 d:/gcc-arm-none-eabi-10.3-2021.10/bin/../lib/gcc/arm-none-eabi/10.3.1/../../../../arm-none-eabi/lib/thumb/v7e-m/nofp\libg.a(lib_a-sprintf.o)
                0x080034c0                sprintf
 .text._svfprintf_r
                0x08003500     0x1a3c d:/gcc-arm-none-eabi-10.3-2021.10/bin/../lib/gcc/arm-none-eabi/10.3.1/../../../../arm-none-eabi/lib/thumb/v7e-m/nofp\libg.a(lib_a-svfprintf.o)
                0x08003500                _svfprintf_r
 .text.startup.register_fini
                0x08004f3c       0x14 d:/gcc-arm-none-eabi-10.3-2021.10/bin/../lib/gcc/arm-none-eabi/10.3.1/../../../../arm-none-eabi/lib/thumb/v7e-m/nofp\libg.a(lib_a-__call_atexit.o)
 .text.atexit   0x08004f50        0xc d:/gcc-arm-none-eabi-10.3-2021.10/bin/../lib/gcc/arm-none-eabi/10.3.1/../../../../arm-none-eabi/lib/thumb/v7e-m/nofp\libg.a(lib_a-atexit.o)
                0x08004f50                atexit
 .text.quorem   0x08004f5c      0x124 d:/gcc-arm-none-eabi-10.3-2021.10/bin/../lib/gcc/arm-none-eabi/10.3.1/../../../../arm-none-eabi/lib/thumb/v7e-m/nofp\libg.a(lib_a-dtoa.o)
 .text._dtoa_r  0x08005080      0xec4 d:/gcc-arm-none-eabi-10.3-2021.10/bin/../lib/gcc/arm-none-eabi/10.3.1/../../../../arm-none-eabi/lib/thumb/v7e-m/nofp\libg.a(lib_a-dtoa.o)
                0x08005080                _dtoa_r
 .text.__libc_fini_array
                0x08005f44       0x2c d:/gcc-arm-none-eabi-10.3-2021.10/bin/../lib/gcc/arm-none-eabi/10.3.1/../../../../arm-none-eabi/lib/thumb/v7e-m/nofp\libg.a(lib_a-fini.o)
                0x08005f44                __libc_fini_array
 .text._malloc_trim_r
                0x08005f70       0xa0 d:/gcc-arm-none-eabi-10.3-2021.10/bin/../lib/gcc/arm-none-eabi/10.3.1/../../../../arm-none-eabi/lib/thumb/v7e-m/nofp\libg.a(lib_a-freer.o)
                0x08005f70                _malloc_trim_r
 .text._free_r  0x08006010      0x20c d:/gcc-arm-none-eabi-10.3-2021.10/bin/../lib/gcc/arm-none-eabi/10.3.1/../../../../arm-none-eabi/lib/thumb/v7e-m/nofp\libg.a(lib_a-freer.o)
                0x08006010                _free_r
 .text._localeconv_r
                0x0800621c        0x8 d:/gcc-arm-none-eabi-10.3-2021.10/bin/../lib/gcc/arm-none-eabi/10.3.1/../../../../arm-none-eabi/lib/thumb/v7e-m/nofp\libg.a(lib_a-localeconv.o)
                0x0800621c                _localeconv_r
 .text.__retarget_lock_init_recursive
                0x08006224        0x4 d:/gcc-arm-none-eabi-10.3-2021.10/bin/../lib/gcc/arm-none-eabi/10.3.1/../../../../arm-none-eabi/lib/thumb/v7e-m/nofp\libg.a(lib_a-lock.o)
                0x08006224                __retarget_lock_init_recursive
 .text.__retarget_lock_close_recursive
                0x08006228        0x4 d:/gcc-arm-none-eabi-10.3-2021.10/bin/../lib/gcc/arm-none-eabi/10.3.1/../../../../arm-none-eabi/lib/thumb/v7e-m/nofp\libg.a(lib_a-lock.o)
                0x08006228                __retarget_lock_close_recursive
 .text.__retarget_lock_acquire_recursive
                0x0800622c        0x4 d:/gcc-arm-none-eabi-10.3-2021.10/bin/../lib/gcc/arm-none-eabi/10.3.1/../../../../arm-none-eabi/lib/thumb/v7e-m/nofp\libg.a(lib_a-lock.o)
                0x0800622c                __retarget_lock_acquire_recursive
 .text.__retarget_lock_release_recursive
                0x08006230        0x4 d:/gcc-arm-none-eabi-10.3-2021.10/bin/../lib/gcc/arm-none-eabi/10.3.1/../../../../arm-none-eabi/lib/thumb/v7e-m/nofp\libg.a(lib_a-lock.o)
                0x08006230                __retarget_lock_release_recursive
 .text._malloc_r
                0x08006234      0x560 d:/gcc-arm-none-eabi-10.3-2021.10/bin/../lib/gcc/arm-none-eabi/10.3.1/../../../../arm-none-eabi/lib/thumb/v7e-m/nofp\libg.a(lib_a-mallocr.o)
                0x08006234                _malloc_r
 .text.__malloc_lock
                0x08006794        0xc d:/gcc-arm-none-eabi-10.3-2021.10/bin/../lib/gcc/arm-none-eabi/10.3.1/../../../../arm-none-eabi/lib/thumb/v7e-m/nofp\libg.a(lib_a-mlock.o)
                0x08006794                __malloc_lock
 .text.__malloc_unlock
                0x080067a0        0xc d:/gcc-arm-none-eabi-10.3-2021.10/bin/../lib/gcc/arm-none-eabi/10.3.1/../../../../arm-none-eabi/lib/thumb/v7e-m/nofp\libg.a(lib_a-mlock.o)
                0x080067a0                __malloc_unlock
 .text._Balloc  0x080067ac       0x4c d:/gcc-arm-none-eabi-10.3-2021.10/bin/../lib/gcc/arm-none-eabi/10.3.1/../../../../arm-none-eabi/lib/thumb/v7e-m/nofp\libg.a(lib_a-mprec.o)
                0x080067ac                _Balloc
 .text._Bfree   0x080067f8       0x14 d:/gcc-arm-none-eabi-10.3-2021.10/bin/../lib/gcc/arm-none-eabi/10.3.1/../../../../arm-none-eabi/lib/thumb/v7e-m/nofp\libg.a(lib_a-mprec.o)
                0x080067f8                _Bfree
 .text.__multadd
                0x0800680c       0xa0 d:/gcc-arm-none-eabi-10.3-2021.10/bin/../lib/gcc/arm-none-eabi/10.3.1/../../../../arm-none-eabi/lib/thumb/v7e-m/nofp\libg.a(lib_a-mprec.o)
                0x0800680c                __multadd
 .text.__hi0bits
                0x080068ac       0x40 d:/gcc-arm-none-eabi-10.3-2021.10/bin/../lib/gcc/arm-none-eabi/10.3.1/../../../../arm-none-eabi/lib/thumb/v7e-m/nofp\libg.a(lib_a-mprec.o)
                0x080068ac                __hi0bits
 .text.__lo0bits
                0x080068ec       0x5c d:/gcc-arm-none-eabi-10.3-2021.10/bin/../lib/gcc/arm-none-eabi/10.3.1/../../../../arm-none-eabi/lib/thumb/v7e-m/nofp\libg.a(lib_a-mprec.o)
                0x080068ec                __lo0bits
 .text.__i2b    0x08006948       0x5c d:/gcc-arm-none-eabi-10.3-2021.10/bin/../lib/gcc/arm-none-eabi/10.3.1/../../../../arm-none-eabi/lib/thumb/v7e-m/nofp\libg.a(lib_a-mprec.o)
                0x08006948                __i2b
 .text.__multiply
                0x080069a4      0x15c d:/gcc-arm-none-eabi-10.3-2021.10/bin/../lib/gcc/arm-none-eabi/10.3.1/../../../../arm-none-eabi/lib/thumb/v7e-m/nofp\libg.a(lib_a-mprec.o)
                0x080069a4                __multiply
 .text.__pow5mult
                0x08006b00       0xc0 d:/gcc-arm-none-eabi-10.3-2021.10/bin/../lib/gcc/arm-none-eabi/10.3.1/../../../../arm-none-eabi/lib/thumb/v7e-m/nofp\libg.a(lib_a-mprec.o)
                0x08006b00                __pow5mult
 .text.__lshift
                0x08006bc0       0xf0 d:/gcc-arm-none-eabi-10.3-2021.10/bin/../lib/gcc/arm-none-eabi/10.3.1/../../../../arm-none-eabi/lib/thumb/v7e-m/nofp\libg.a(lib_a-mprec.o)
                0x08006bc0                __lshift
 .text.__mcmp   0x08006cb0       0x40 d:/gcc-arm-none-eabi-10.3-2021.10/bin/../lib/gcc/arm-none-eabi/10.3.1/../../../../arm-none-eabi/lib/thumb/v7e-m/nofp\libg.a(lib_a-mprec.o)
                0x08006cb0                __mcmp
 .text.__mdiff  0x08006cf0      0x14c d:/gcc-arm-none-eabi-10.3-2021.10/bin/../lib/gcc/arm-none-eabi/10.3.1/../../../../arm-none-eabi/lib/thumb/v7e-m/nofp\libg.a(lib_a-mprec.o)
                0x08006cf0                __mdiff
 .text.__d2b    0x08006e3c       0xc4 d:/gcc-arm-none-eabi-10.3-2021.10/bin/../lib/gcc/arm-none-eabi/10.3.1/../../../../arm-none-eabi/lib/thumb/v7e-m/nofp\libg.a(lib_a-mprec.o)
                0x08006e3c                __d2b
 .text.frexp    0x08006f00       0x70 d:/gcc-arm-none-eabi-10.3-2021.10/bin/../lib/gcc/arm-none-eabi/10.3.1/../../../../arm-none-eabi/lib/thumb/v7e-m/nofp\libg.a(lib_a-s_frexp.o)
                0x08006f00                frexp
 .text._sbrk_r  0x08006f70       0x24 d:/gcc-arm-none-eabi-10.3-2021.10/bin/../lib/gcc/arm-none-eabi/10.3.1/../../../../arm-none-eabi/lib/thumb/v7e-m/nofp\libg.a(lib_a-sbrkr.o)
                0x08006f70                _sbrk_r
 .text.strncpy  0x08006f94       0x64 d:/gcc-arm-none-eabi-10.3-2021.10/bin/../lib/gcc/arm-none-eabi/10.3.1/../../../../arm-none-eabi/lib/thumb/v7e-m/nofp\libg.a(lib_a-strncpy.o)
                0x08006f94                strncpy
 .text.__ssprint_r
                0x08006ff8       0xf8 d:/gcc-arm-none-eabi-10.3-2021.10/bin/../lib/gcc/arm-none-eabi/10.3.1/../../../../arm-none-eabi/lib/thumb/v7e-m/nofp\libg.a(lib_a-svfiprintf.o)
                0x08006ff8                __ssprint_r
 .text.__register_exitproc
                0x080070f0       0x8c d:/gcc-arm-none-eabi-10.3-2021.10/bin/../lib/gcc/arm-none-eabi/10.3.1/../../../../arm-none-eabi/lib/thumb/v7e-m/nofp\libg.a(lib_a-__atexit.o)
                0x080070f0                __register_exitproc
 .text.__assert_func
                0x0800717c       0x40 d:/gcc-arm-none-eabi-10.3-2021.10/bin/../lib/gcc/arm-none-eabi/10.3.1/../../../../arm-none-eabi/lib/thumb/v7e-m/nofp\libg.a(lib_a-assert.o)
                0x0800717c                __assert_func
 .text._calloc_r
                0x080071bc       0x78 d:/gcc-arm-none-eabi-10.3-2021.10/bin/../lib/gcc/arm-none-eabi/10.3.1/../../../../arm-none-eabi/lib/thumb/v7e-m/nofp\libg.a(lib_a-callocr.o)
                0x080071bc                _calloc_r
 .text.fiprintf
                0x08007234       0x28 d:/gcc-arm-none-eabi-10.3-2021.10/bin/../lib/gcc/arm-none-eabi/10.3.1/../../../../arm-none-eabi/lib/thumb/v7e-m/nofp\libg.a(lib_a-fiprintf.o)
                0x08007234                fiprintf
 .text.__locale_mb_cur_max
                0x0800725c        0xc d:/gcc-arm-none-eabi-10.3-2021.10/bin/../lib/gcc/arm-none-eabi/10.3.1/../../../../arm-none-eabi/lib/thumb/v7e-m/nofp\libg.a(lib_a-locale.o)
                0x0800725c                __locale_mb_cur_max
 .text.__ascii_mbtowc
                0x08007268       0x2c d:/gcc-arm-none-eabi-10.3-2021.10/bin/../lib/gcc/arm-none-eabi/10.3.1/../../../../arm-none-eabi/lib/thumb/v7e-m/nofp\libg.a(lib_a-mbtowc_r.o)
                0x08007268                __ascii_mbtowc
 .text.memmove  0x08007294       0xf8 d:/gcc-arm-none-eabi-10.3-2021.10/bin/../lib/gcc/arm-none-eabi/10.3.1/../../../../arm-none-eabi/lib/thumb/v7e-m/nofp\libg.a(lib_a-memmove.o)
                0x08007294                memmove
 .text._realloc_r
                0x0800738c      0x3d8 d:/gcc-arm-none-eabi-10.3-2021.10/bin/../lib/gcc/arm-none-eabi/10.3.1/../../../../arm-none-eabi/lib/thumb/v7e-m/nofp\libg.a(lib_a-reallocr.o)
                0x0800738c                _realloc_r
 .text.__sprint_r.part.0
                0x08007764       0x78 d:/gcc-arm-none-eabi-10.3-2021.10/bin/../lib/gcc/arm-none-eabi/10.3.1/../../../../arm-none-eabi/lib/thumb/v7e-m/nofp\libg.a(lib_a-vfiprintf.o)
 .text._vfiprintf_r
                0x080077dc      0xda0 d:/gcc-arm-none-eabi-10.3-2021.10/bin/../lib/gcc/arm-none-eabi/10.3.1/../../../../arm-none-eabi/lib/thumb/v7e-m/nofp\libg.a(lib_a-vfiprintf.o)
                0x080077dc                _vfiprintf_r
 .text.__sbprintf
                0x0800857c       0x80 d:/gcc-arm-none-eabi-10.3-2021.10/bin/../lib/gcc/arm-none-eabi/10.3.1/../../../../arm-none-eabi/lib/thumb/v7e-m/nofp\libg.a(lib_a-vfiprintf.o)
 .text.__ascii_wctomb
                0x080085fc       0x1c d:/gcc-arm-none-eabi-10.3-2021.10/bin/../lib/gcc/arm-none-eabi/10.3.1/../../../../arm-none-eabi/lib/thumb/v7e-m/nofp\libg.a(lib_a-wctomb_r.o)
                0x080085fc                __ascii_wctomb
 .text.__swsetup_r
                0x08008618       0xd4 d:/gcc-arm-none-eabi-10.3-2021.10/bin/../lib/gcc/arm-none-eabi/10.3.1/../../../../arm-none-eabi/lib/thumb/v7e-m/nofp\libg.a(lib_a-wsetup.o)
                0x08008618                __swsetup_r
 .text.abort    0x080086ec       0x10 d:/gcc-arm-none-eabi-10.3-2021.10/bin/../lib/gcc/arm-none-eabi/10.3.1/../../../../arm-none-eabi/lib/thumb/v7e-m/nofp\libg.a(lib_a-abort.o)
                0x080086ec                abort
 .text.__sflush_r
                0x080086fc      0x120 d:/gcc-arm-none-eabi-10.3-2021.10/bin/../lib/gcc/arm-none-eabi/10.3.1/../../../../arm-none-eabi/lib/thumb/v7e-m/nofp\libg.a(lib_a-fflush.o)
                0x080086fc                __sflush_r
 .text._fflush_r
                0x0800881c       0x5c d:/gcc-arm-none-eabi-10.3-2021.10/bin/../lib/gcc/arm-none-eabi/10.3.1/../../../../arm-none-eabi/lib/thumb/v7e-m/nofp\libg.a(lib_a-fflush.o)
                0x0800881c                _fflush_r
 .text._cleanup_r
                0x08008878        0xc d:/gcc-arm-none-eabi-10.3-2021.10/bin/../lib/gcc/arm-none-eabi/10.3.1/../../../../arm-none-eabi/lib/thumb/v7e-m/nofp\libg.a(lib_a-findfp.o)
                0x08008878                _cleanup_r
 .text.__sinit  0x08008884      0x10c d:/gcc-arm-none-eabi-10.3-2021.10/bin/../lib/gcc/arm-none-eabi/10.3.1/../../../../arm-none-eabi/lib/thumb/v7e-m/nofp\libg.a(lib_a-findfp.o)
                0x08008884                __sinit
 .text.__sfp_lock_acquire
                0x08008990        0xc d:/gcc-arm-none-eabi-10.3-2021.10/bin/../lib/gcc/arm-none-eabi/10.3.1/../../../../arm-none-eabi/lib/thumb/v7e-m/nofp\libg.a(lib_a-findfp.o)
                0x08008990                __sfp_lock_acquire
 .text.__sfp_lock_release
                0x0800899c        0xc d:/gcc-arm-none-eabi-10.3-2021.10/bin/../lib/gcc/arm-none-eabi/10.3.1/../../../../arm-none-eabi/lib/thumb/v7e-m/nofp\libg.a(lib_a-findfp.o)
                0x0800899c                __sfp_lock_release
 .text.__fputwc
                0x080089a8       0xa8 d:/gcc-arm-none-eabi-10.3-2021.10/bin/../lib/gcc/arm-none-eabi/10.3.1/../../../../arm-none-eabi/lib/thumb/v7e-m/nofp\libg.a(lib_a-fputwc.o)
                0x080089a8                __fputwc
 .text._fputwc_r
                0x08008a50       0x68 d:/gcc-arm-none-eabi-10.3-2021.10/bin/../lib/gcc/arm-none-eabi/10.3.1/../../../../arm-none-eabi/lib/thumb/v7e-m/nofp\libg.a(lib_a-fputwc.o)
                0x08008a50                _fputwc_r
 .text.__sfvwrite_r
                0x08008ab8      0x2e8 d:/gcc-arm-none-eabi-10.3-2021.10/bin/../lib/gcc/arm-none-eabi/10.3.1/../../../../arm-none-eabi/lib/thumb/v7e-m/nofp\libg.a(lib_a-fvwrite.o)
                0x08008ab8                __sfvwrite_r
 .text._fwalk_reent
                0x08008da0       0x48 d:/gcc-arm-none-eabi-10.3-2021.10/bin/../lib/gcc/arm-none-eabi/10.3.1/../../../../arm-none-eabi/lib/thumb/v7e-m/nofp\libg.a(lib_a-fwalk.o)
                0x08008da0                _fwalk_reent
 .text.__smakebuf_r
                0x08008de8       0xe0 d:/gcc-arm-none-eabi-10.3-2021.10/bin/../lib/gcc/arm-none-eabi/10.3.1/../../../../arm-none-eabi/lib/thumb/v7e-m/nofp\libg.a(lib_a-makebuf.o)
                0x08008de8                __smakebuf_r
 .text.raise    0x08008ec8       0x5c d:/gcc-arm-none-eabi-10.3-2021.10/bin/../lib/gcc/arm-none-eabi/10.3.1/../../../../arm-none-eabi/lib/thumb/v7e-m/nofp\libg.a(lib_a-signal.o)
                0x08008ec8                raise
 .text._kill_r  0x08008f24       0x2c d:/gcc-arm-none-eabi-10.3-2021.10/bin/../lib/gcc/arm-none-eabi/10.3.1/../../../../arm-none-eabi/lib/thumb/v7e-m/nofp\libg.a(lib_a-signalr.o)
                0x08008f24                _kill_r
 .text._getpid_r
                0x08008f50        0x4 d:/gcc-arm-none-eabi-10.3-2021.10/bin/../lib/gcc/arm-none-eabi/10.3.1/../../../../arm-none-eabi/lib/thumb/v7e-m/nofp\libg.a(lib_a-signalr.o)
                0x08008f50                _getpid_r
 .text.__sread  0x08008f54       0x24 d:/gcc-arm-none-eabi-10.3-2021.10/bin/../lib/gcc/arm-none-eabi/10.3.1/../../../../arm-none-eabi/lib/thumb/v7e-m/nofp\libg.a(lib_a-stdio.o)
                0x08008f54                __sread
 .text.__swrite
                0x08008f78       0x40 d:/gcc-arm-none-eabi-10.3-2021.10/bin/../lib/gcc/arm-none-eabi/10.3.1/../../../../arm-none-eabi/lib/thumb/v7e-m/nofp\libg.a(lib_a-stdio.o)
                0x08008f78                __swrite
 .text.__sseek  0x08008fb8       0x20 d:/gcc-arm-none-eabi-10.3-2021.10/bin/../lib/gcc/arm-none-eabi/10.3.1/../../../../arm-none-eabi/lib/thumb/v7e-m/nofp\libg.a(lib_a-stdio.o)
                0x08008fb8                __sseek
 .text.__sclose
                0x08008fd8        0x8 d:/gcc-arm-none-eabi-10.3-2021.10/bin/../lib/gcc/arm-none-eabi/10.3.1/../../../../arm-none-eabi/lib/thumb/v7e-m/nofp\libg.a(lib_a-stdio.o)
                0x08008fd8                __sclose
 .text.__swbuf_r
                0x08008fe0       0xb0 d:/gcc-arm-none-eabi-10.3-2021.10/bin/../lib/gcc/arm-none-eabi/10.3.1/../../../../arm-none-eabi/lib/thumb/v7e-m/nofp\libg.a(lib_a-wbuf.o)
                0x08008fe0                __swbuf_r
 .text._wcrtomb_r
                0x08009090       0x3c d:/gcc-arm-none-eabi-10.3-2021.10/bin/../lib/gcc/arm-none-eabi/10.3.1/../../../../arm-none-eabi/lib/thumb/v7e-m/nofp\libg.a(lib_a-wcrtomb.o)
                0x08009090                _wcrtomb_r
 .text._write_r
                0x080090cc       0x2c d:/gcc-arm-none-eabi-10.3-2021.10/bin/../lib/gcc/arm-none-eabi/10.3.1/../../../../arm-none-eabi/lib/thumb/v7e-m/nofp\libg.a(lib_a-writer.o)
                0x080090cc                _write_r
 .text._close_r
                0x080090f8       0x24 d:/gcc-arm-none-eabi-10.3-2021.10/bin/../lib/gcc/arm-none-eabi/10.3.1/../../../../arm-none-eabi/lib/thumb/v7e-m/nofp\libg.a(lib_a-closer.o)
                0x080090f8                _close_r
 .text._fclose_r
                0x0800911c       0xcc d:/gcc-arm-none-eabi-10.3-2021.10/bin/../lib/gcc/arm-none-eabi/10.3.1/../../../../arm-none-eabi/lib/thumb/v7e-m/nofp\libg.a(lib_a-fclose.o)
                0x0800911c                _fclose_r
 .text._fstat_r
                0x080091e8       0x2c d:/gcc-arm-none-eabi-10.3-2021.10/bin/../lib/gcc/arm-none-eabi/10.3.1/../../../../arm-none-eabi/lib/thumb/v7e-m/nofp\libg.a(lib_a-fstatr.o)
                0x080091e8                _fstat_r
 .text._isatty_r
                0x08009214       0x24 d:/gcc-arm-none-eabi-10.3-2021.10/bin/../lib/gcc/arm-none-eabi/10.3.1/../../../../arm-none-eabi/lib/thumb/v7e-m/nofp\libg.a(lib_a-isattyr.o)
                0x08009214                _isatty_r
 .text._lseek_r
                0x08009238       0x2c d:/gcc-arm-none-eabi-10.3-2021.10/bin/../lib/gcc/arm-none-eabi/10.3.1/../../../../arm-none-eabi/lib/thumb/v7e-m/nofp\libg.a(lib_a-lseekr.o)
                0x08009238                _lseek_r
 .text._read_r  0x08009264       0x2c d:/gcc-arm-none-eabi-10.3-2021.10/bin/../lib/gcc/arm-none-eabi/10.3.1/../../../../arm-none-eabi/lib/thumb/v7e-m/nofp\libg.a(lib_a-readr.o)
                0x08009264                _read_r
 *(.glue_7)
 .glue_7        0x08009290        0x0 linker stubs
 *(.glue_7t)
 .glue_7t       0x08009290        0x0 linker stubs
 *(.eh_frame)
 .eh_frame      0x08009290        0x0 d:/gcc-arm-none-eabi-10.3-2021.10/bin/../lib/gcc/arm-none-eabi/10.3.1/thumb/v7e-m/nofp/crtbegin.o
 *(.init)
 .init          0x08009290        0x4 d:/gcc-arm-none-eabi-10.3-2021.10/bin/../lib/gcc/arm-none-eabi/10.3.1/thumb/v7e-m/nofp/crti.o
                0x08009290                _init
 .init          0x08009294        0x8 d:/gcc-arm-none-eabi-10.3-2021.10/bin/../lib/gcc/arm-none-eabi/10.3.1/thumb/v7e-m/nofp/crtn.o
 *(.fini)
 .fini          0x0800929c        0x4 d:/gcc-arm-none-eabi-10.3-2021.10/bin/../lib/gcc/arm-none-eabi/10.3.1/thumb/v7e-m/nofp/crti.o
                0x0800929c                _fini
 .fini          0x080092a0        0x8 d:/gcc-arm-none-eabi-10.3-2021.10/bin/../lib/gcc/arm-none-eabi/10.3.1/thumb/v7e-m/nofp/crtn.o
                0x080092a8                . = ALIGN (0x4)
                0x080092a8                _etext = .

.vfp11_veneer   0x080092a8        0x0
 .vfp11_veneer  0x080092a8        0x0 linker stubs

.v4_bx          0x080092a8        0x0
 .v4_bx         0x080092a8        0x0 linker stubs

.iplt           0x080092a8        0x0
 .iplt          0x080092a8        0x0 d:/gcc-arm-none-eabi-10.3-2021.10/bin/../lib/gcc/arm-none-eabi/10.3.1/thumb/v7e-m/nofp/crtbegin.o

.rodata         0x080092a8      0x420
                0x080092a8                . = ALIGN (0x4)
 *(.rodata)
 *(.rodata*)
 .rodata.AHBPrescTable
                0x080092a8       0x10 CMakeFiles/CanMotor.elf.dir/Core/Src/system_stm32f4xx.c.obj
                0x080092a8                AHBPrescTable
 .rodata.APBPrescTable
                0x080092b8        0x8 CMakeFiles/CanMotor.elf.dir/Core/Src/system_stm32f4xx.c.obj
                0x080092b8                APBPrescTable
 .rodata.PidPosition_PwmGet.str1.4
                0x080092c0        0x5 CMakeFiles/CanMotor.elf.dir/user/PidPosition/PidPosition.c.obj
 *fill*         0x080092c5        0x3 
 .rodata._global_impure_ptr
                0x080092c8        0x4 d:/gcc-arm-none-eabi-10.3-2021.10/bin/../lib/gcc/arm-none-eabi/10.3.1/../../../../arm-none-eabi/lib/thumb/v7e-m/nofp\libg.a(lib_a-impure.o)
                0x080092c8                _global_impure_ptr
 .rodata._svfprintf_r.str1.4
                0x080092cc       0x42 d:/gcc-arm-none-eabi-10.3-2021.10/bin/../lib/gcc/arm-none-eabi/10.3.1/../../../../arm-none-eabi/lib/thumb/v7e-m/nofp\libg.a(lib_a-svfprintf.o)
 *fill*         0x0800930e        0x2 
 .rodata.blanks.1
                0x08009310       0x10 d:/gcc-arm-none-eabi-10.3-2021.10/bin/../lib/gcc/arm-none-eabi/10.3.1/../../../../arm-none-eabi/lib/thumb/v7e-m/nofp\libg.a(lib_a-svfprintf.o)
 .rodata.zeroes.0
                0x08009320       0x10 d:/gcc-arm-none-eabi-10.3-2021.10/bin/../lib/gcc/arm-none-eabi/10.3.1/../../../../arm-none-eabi/lib/thumb/v7e-m/nofp\libg.a(lib_a-svfprintf.o)
 .rodata._dtoa_r.str1.4
                0x08009330       0xa2 d:/gcc-arm-none-eabi-10.3-2021.10/bin/../lib/gcc/arm-none-eabi/10.3.1/../../../../arm-none-eabi/lib/thumb/v7e-m/nofp\libg.a(lib_a-dtoa.o)
                                 0xa6 (size before relaxing)
 *fill*         0x080093d2        0x2 
 .rodata.__multadd.str1.4
                0x080093d4       0x7f d:/gcc-arm-none-eabi-10.3-2021.10/bin/../lib/gcc/arm-none-eabi/10.3.1/../../../../arm-none-eabi/lib/thumb/v7e-m/nofp\libg.a(lib_a-mprec.o)
                                 0x93 (size before relaxing)
 *fill*         0x08009453        0x5 
 .rodata.__mprec_bigtens
                0x08009458       0x28 d:/gcc-arm-none-eabi-10.3-2021.10/bin/../lib/gcc/arm-none-eabi/10.3.1/../../../../arm-none-eabi/lib/thumb/v7e-m/nofp\libg.a(lib_a-mprec.o)
                0x08009458                __mprec_bigtens
 .rodata.__mprec_tens
                0x08009480       0xc8 d:/gcc-arm-none-eabi-10.3-2021.10/bin/../lib/gcc/arm-none-eabi/10.3.1/../../../../arm-none-eabi/lib/thumb/v7e-m/nofp\libg.a(lib_a-mprec.o)
                0x08009480                __mprec_tens
 .rodata.p05.0  0x08009548        0xc d:/gcc-arm-none-eabi-10.3-2021.10/bin/../lib/gcc/arm-none-eabi/10.3.1/../../../../arm-none-eabi/lib/thumb/v7e-m/nofp\libg.a(lib_a-mprec.o)
 .rodata.__assert_func.str1.4
                0x08009554       0x3f d:/gcc-arm-none-eabi-10.3-2021.10/bin/../lib/gcc/arm-none-eabi/10.3.1/../../../../arm-none-eabi/lib/thumb/v7e-m/nofp\libg.a(lib_a-assert.o)
                                 0x43 (size before relaxing)
 *fill*         0x08009593        0x1 
 .rodata._setlocale_r.str1.4
                0x08009594        0xa d:/gcc-arm-none-eabi-10.3-2021.10/bin/../lib/gcc/arm-none-eabi/10.3.1/../../../../arm-none-eabi/lib/thumb/v7e-m/nofp\libg.a(lib_a-locale.o)
                                  0xd (size before relaxing)
 *fill*         0x0800959e        0x2 
 .rodata.str1.4
                0x080095a0        0x2 d:/gcc-arm-none-eabi-10.3-2021.10/bin/../lib/gcc/arm-none-eabi/10.3.1/../../../../arm-none-eabi/lib/thumb/v7e-m/nofp\libg.a(lib_a-locale.o)
 .rodata._vfiprintf_r.str1.4
                0x080095a2       0x2f d:/gcc-arm-none-eabi-10.3-2021.10/bin/../lib/gcc/arm-none-eabi/10.3.1/../../../../arm-none-eabi/lib/thumb/v7e-m/nofp\libg.a(lib_a-vfiprintf.o)
 *fill*         0x080095a2        0x2 
 .rodata.blanks.1
                0x080095a4       0x10 d:/gcc-arm-none-eabi-10.3-2021.10/bin/../lib/gcc/arm-none-eabi/10.3.1/../../../../arm-none-eabi/lib/thumb/v7e-m/nofp\libg.a(lib_a-vfiprintf.o)
 .rodata.zeroes.0
                0x080095b4       0x10 d:/gcc-arm-none-eabi-10.3-2021.10/bin/../lib/gcc/arm-none-eabi/10.3.1/../../../../arm-none-eabi/lib/thumb/v7e-m/nofp\libg.a(lib_a-vfiprintf.o)
 .rodata._ctype_
                0x080095c4      0x101 d:/gcc-arm-none-eabi-10.3-2021.10/bin/../lib/gcc/arm-none-eabi/10.3.1/../../../../arm-none-eabi/lib/thumb/v7e-m/nofp\libg.a(lib_a-ctype_.o)
                0x080095c4                _ctype_
                0x080096c8                . = ALIGN (0x4)
 *fill*         0x080096c5        0x3 

.ARM.extab      0x080096c8        0x0
                0x080096c8                . = ALIGN (0x4)
 *(.ARM.extab* .gnu.linkonce.armextab.*)
                0x080096c8                . = ALIGN (0x4)

.ARM            0x080096c8        0x8
                0x080096c8                . = ALIGN (0x4)
                0x080096c8                __exidx_start = .
 *(.ARM.exidx*)
 .ARM.exidx     0x080096c8        0x8 d:/gcc-arm-none-eabi-10.3-2021.10/bin/../lib/gcc/arm-none-eabi/10.3.1/thumb/v7e-m/nofp\libgcc.a(_udivmoddi4.o)
                0x080096d0                __exidx_end = .
                0x080096d0                . = ALIGN (0x4)

.rel.dyn        0x080096d0        0x0
 .rel.iplt      0x080096d0        0x0 d:/gcc-arm-none-eabi-10.3-2021.10/bin/../lib/gcc/arm-none-eabi/10.3.1/thumb/v7e-m/nofp/crtbegin.o

.preinit_array  0x080096d0        0x0
                0x080096d0                . = ALIGN (0x4)
                0x080096d0                PROVIDE (__preinit_array_start = .)
 *(.preinit_array*)
                0x080096d0                PROVIDE (__preinit_array_end = .)
                0x080096d0                . = ALIGN (0x4)

.init_array     0x080096d0        0x8
                0x080096d0                . = ALIGN (0x4)
                0x080096d0                PROVIDE (__init_array_start = .)
 *(SORT_BY_NAME(.init_array.*))
 .init_array.00000
                0x080096d0        0x4 d:/gcc-arm-none-eabi-10.3-2021.10/bin/../lib/gcc/arm-none-eabi/10.3.1/../../../../arm-none-eabi/lib/thumb/v7e-m/nofp\libg.a(lib_a-__call_atexit.o)
 *(.init_array*)
 .init_array    0x080096d4        0x4 d:/gcc-arm-none-eabi-10.3-2021.10/bin/../lib/gcc/arm-none-eabi/10.3.1/thumb/v7e-m/nofp/crtbegin.o
                0x080096d8                PROVIDE (__init_array_end = .)
                0x080096d8                . = ALIGN (0x4)

.fini_array     0x080096d8        0x4
                0x080096d8                . = ALIGN (0x4)
                0x080096d8                PROVIDE (__fini_array_start = .)
 *(SORT_BY_NAME(.fini_array.*))
 *(.fini_array*)
 .fini_array    0x080096d8        0x4 d:/gcc-arm-none-eabi-10.3-2021.10/bin/../lib/gcc/arm-none-eabi/10.3.1/thumb/v7e-m/nofp/crtbegin.o
                0x080096dc                PROVIDE (__fini_array_end = .)
                0x080096dc                . = ALIGN (0x4)
                0x080096dc                _sidata = LOADADDR (.data)

.data           0x20000000      0x9c0 load address 0x080096dc
                0x20000000                . = ALIGN (0x4)
                0x20000000                _sdata = .
 *(.data)
 *(.data*)
 .data.Target_add_speed
                0x20000000        0x2 CMakeFiles/CanMotor.elf.dir/Core/Src/main.c.obj
                0x20000000                Target_add_speed
 *fill*         0x20000002        0x2 
 .data.SystemCoreClock
                0x20000004        0x4 CMakeFiles/CanMotor.elf.dir/Core/Src/system_stm32f4xx.c.obj
                0x20000004                SystemCoreClock
 .data.uwTickFreq
                0x20000008        0x1 CMakeFiles/CanMotor.elf.dir/Drivers/STM32F4xx_HAL_Driver/Src/stm32f4xx_hal.c.obj
                0x20000008                uwTickFreq
 *fill*         0x20000009        0x3 
 .data.uwTickPrio
                0x2000000c        0x4 CMakeFiles/CanMotor.elf.dir/Drivers/STM32F4xx_HAL_Driver/Src/stm32f4xx_hal.c.obj
                0x2000000c                uwTickPrio
 .data._impure_ptr
                0x20000010        0x4 d:/gcc-arm-none-eabi-10.3-2021.10/bin/../lib/gcc/arm-none-eabi/10.3.1/../../../../arm-none-eabi/lib/thumb/v7e-m/nofp\libg.a(lib_a-impure.o)
                0x20000010                _impure_ptr
 *fill*         0x20000014        0x4 
 .data.impure_data
                0x20000018      0x428 d:/gcc-arm-none-eabi-10.3-2021.10/bin/../lib/gcc/arm-none-eabi/10.3.1/../../../../arm-none-eabi/lib/thumb/v7e-m/nofp\libg.a(lib_a-impure.o)
 .data.__atexit_recursive_mutex
                0x20000440        0x4 d:/gcc-arm-none-eabi-10.3-2021.10/bin/../lib/gcc/arm-none-eabi/10.3.1/../../../../arm-none-eabi/lib/thumb/v7e-m/nofp\libg.a(lib_a-__call_atexit.o)
                0x20000440                __atexit_recursive_mutex
 .data.__malloc_av_
                0x20000444      0x408 d:/gcc-arm-none-eabi-10.3-2021.10/bin/../lib/gcc/arm-none-eabi/10.3.1/../../../../arm-none-eabi/lib/thumb/v7e-m/nofp\libg.a(lib_a-mallocr.o)
                0x20000444                __malloc_av_
 .data.__malloc_sbrk_base
                0x2000084c        0x4 d:/gcc-arm-none-eabi-10.3-2021.10/bin/../lib/gcc/arm-none-eabi/10.3.1/../../../../arm-none-eabi/lib/thumb/v7e-m/nofp\libg.a(lib_a-mallocr.o)
                0x2000084c                __malloc_sbrk_base
 .data.__malloc_trim_threshold
                0x20000850        0x4 d:/gcc-arm-none-eabi-10.3-2021.10/bin/../lib/gcc/arm-none-eabi/10.3.1/../../../../arm-none-eabi/lib/thumb/v7e-m/nofp\libg.a(lib_a-mallocr.o)
                0x20000850                __malloc_trim_threshold
 .data.__global_locale
                0x20000854      0x16c d:/gcc-arm-none-eabi-10.3-2021.10/bin/../lib/gcc/arm-none-eabi/10.3.1/../../../../arm-none-eabi/lib/thumb/v7e-m/nofp\libg.a(lib_a-locale.o)
                0x20000854                __global_locale
                0x200009c0                . = ALIGN (0x4)
                0x200009c0                _edata = .

.igot.plt       0x200009c0        0x0 load address 0x0800a09c
 .igot.plt      0x200009c0        0x0 d:/gcc-arm-none-eabi-10.3-2021.10/bin/../lib/gcc/arm-none-eabi/10.3.1/thumb/v7e-m/nofp/crtbegin.o
                0x200009c0                . = ALIGN (0x4)

.bss            0x200009c0      0x20c load address 0x0800a09c
                0x200009c0                _sbss = .
                0x200009c0                __bss_start__ = _sbss
 *(.bss)
 .bss           0x200009c0       0x1c d:/gcc-arm-none-eabi-10.3-2021.10/bin/../lib/gcc/arm-none-eabi/10.3.1/thumb/v7e-m/nofp/crtbegin.o
 *(.bss*)
 .bss.HAL_RCC_CAN1_CLK_ENABLED
                0x200009dc        0x4 CMakeFiles/CanMotor.elf.dir/Core/Src/can.c.obj
 .bss.hcan1     0x200009e0       0x28 CMakeFiles/CanMotor.elf.dir/Core/Src/can.c.obj
                0x200009e0                hcan1
 .bss.hcan2     0x20000a08       0x28 CMakeFiles/CanMotor.elf.dir/Core/Src/can.c.obj
                0x20000a08                hcan2
 .bss.tx_buf    0x20000a30       0x64 CMakeFiles/CanMotor.elf.dir/Core/Src/main.c.obj
                0x20000a30                tx_buf
 .bss.__sbrk_heap_end
                0x20000a94        0x4 CMakeFiles/CanMotor.elf.dir/Core/Src/sysmem.c.obj
 .bss.huart1    0x20000a98       0x40 CMakeFiles/CanMotor.elf.dir/Core/Src/usart.c.obj
                0x20000a98                huart1
 .bss.uwTick    0x20000ad8        0x4 CMakeFiles/CanMotor.elf.dir/Drivers/STM32F4xx_HAL_Driver/Src/stm32f4xx_hal.c.obj
                0x20000ad8                uwTick
 .bss.angle     0x20000adc        0x4 CMakeFiles/CanMotor.elf.dir/user/CanMotor/CanMotor.c.obj
                0x20000adc                angle
 .bss.first_angle
                0x20000ae0        0x4 CMakeFiles/CanMotor.elf.dir/user/CanMotor/CanMotor.c.obj
                0x20000ae0                first_angle
 .bss.last_angle
                0x20000ae4        0x4 CMakeFiles/CanMotor.elf.dir/user/CanMotor/CanMotor.c.obj
                0x20000ae4                last_angle
 .bss.motor_yaw_info
                0x20000ae8        0xc CMakeFiles/CanMotor.elf.dir/user/CanMotor/CanMotor.c.obj
                0x20000ae8                motor_yaw_info
 .bss.msg_cnt   0x20000af4        0x4 CMakeFiles/CanMotor.elf.dir/user/CanMotor/CanMotor.c.obj
                0x20000af4                msg_cnt
 .bss.total_angle
                0x20000af8        0x4 CMakeFiles/CanMotor.elf.dir/user/CanMotor/CanMotor.c.obj
                0x20000af8                total_angle
 .bss.total_cnt
                0x20000afc        0x4 CMakeFiles/CanMotor.elf.dir/user/CanMotor/CanMotor.c.obj
                0x20000afc                total_cnt
 .bss.gimbal_yaw_angle_pid
                0x20000b00       0x34 CMakeFiles/CanMotor.elf.dir/user/PidControl/PidControl.c.obj
                0x20000b00                gimbal_yaw_angle_pid
 .bss.gimbal_yaw_speed_pid
                0x20000b34       0x34 CMakeFiles/CanMotor.elf.dir/user/PidControl/PidControl.c.obj
                0x20000b34                gimbal_yaw_speed_pid
 .bss.CurrentPosition
                0x20000b68        0x4 CMakeFiles/CanMotor.elf.dir/user/PidPosition/PidPosition.c.obj
                0x20000b68                CurrentPosition
 .bss.circle    0x20000b6c        0x4 CMakeFiles/CanMotor.elf.dir/user/PidPosition/PidPosition.c.obj
                0x20000b6c                circle
 .bss.integral_bias.1
                0x20000b70        0x4 CMakeFiles/CanMotor.elf.dir/user/PidPosition/PidPosition.c.obj
 .bss.last_bias.0
                0x20000b74        0x4 CMakeFiles/CanMotor.elf.dir/user/PidPosition/PidPosition.c.obj
 .bss.position_kd
                0x20000b78        0x4 CMakeFiles/CanMotor.elf.dir/user/PidPosition/PidPosition.c.obj
                0x20000b78                position_kd
 .bss.position_ki
                0x20000b7c        0x4 CMakeFiles/CanMotor.elf.dir/user/PidPosition/PidPosition.c.obj
                0x20000b7c                position_ki
 .bss.position_kp
                0x20000b80        0x4 CMakeFiles/CanMotor.elf.dir/user/PidPosition/PidPosition.c.obj
                0x20000b80                position_kp
 .bss.__lock___atexit_recursive_mutex
                0x20000b84        0x1 d:/gcc-arm-none-eabi-10.3-2021.10/bin/../lib/gcc/arm-none-eabi/10.3.1/../../../../arm-none-eabi/lib/thumb/v7e-m/nofp\libg.a(lib_a-lock.o)
                0x20000b84                __lock___atexit_recursive_mutex
 *fill*         0x20000b85        0x3 
 .bss.__lock___malloc_recursive_mutex
                0x20000b88        0x1 d:/gcc-arm-none-eabi-10.3-2021.10/bin/../lib/gcc/arm-none-eabi/10.3.1/../../../../arm-none-eabi/lib/thumb/v7e-m/nofp\libg.a(lib_a-lock.o)
                0x20000b88                __lock___malloc_recursive_mutex
 *fill*         0x20000b89        0x3 
 .bss.__lock___sfp_recursive_mutex
                0x20000b8c        0x1 d:/gcc-arm-none-eabi-10.3-2021.10/bin/../lib/gcc/arm-none-eabi/10.3.1/../../../../arm-none-eabi/lib/thumb/v7e-m/nofp\libg.a(lib_a-lock.o)
                0x20000b8c                __lock___sfp_recursive_mutex
 *fill*         0x20000b8d        0x3 
 .bss.__lock___sinit_recursive_mutex
                0x20000b90        0x1 d:/gcc-arm-none-eabi-10.3-2021.10/bin/../lib/gcc/arm-none-eabi/10.3.1/../../../../arm-none-eabi/lib/thumb/v7e-m/nofp\libg.a(lib_a-lock.o)
                0x20000b90                __lock___sinit_recursive_mutex
 *fill*         0x20000b91        0x3 
 .bss.__malloc_current_mallinfo
                0x20000b94       0x28 d:/gcc-arm-none-eabi-10.3-2021.10/bin/../lib/gcc/arm-none-eabi/10.3.1/../../../../arm-none-eabi/lib/thumb/v7e-m/nofp\libg.a(lib_a-mallocr.o)
                0x20000b94                __malloc_current_mallinfo
 .bss.__malloc_max_sbrked_mem
                0x20000bbc        0x4 d:/gcc-arm-none-eabi-10.3-2021.10/bin/../lib/gcc/arm-none-eabi/10.3.1/../../../../arm-none-eabi/lib/thumb/v7e-m/nofp\libg.a(lib_a-mallocr.o)
                0x20000bbc                __malloc_max_sbrked_mem
 .bss.__malloc_max_total_mem
                0x20000bc0        0x4 d:/gcc-arm-none-eabi-10.3-2021.10/bin/../lib/gcc/arm-none-eabi/10.3.1/../../../../arm-none-eabi/lib/thumb/v7e-m/nofp\libg.a(lib_a-mallocr.o)
                0x20000bc0                __malloc_max_total_mem
 .bss.__malloc_top_pad
                0x20000bc4        0x4 d:/gcc-arm-none-eabi-10.3-2021.10/bin/../lib/gcc/arm-none-eabi/10.3.1/../../../../arm-none-eabi/lib/thumb/v7e-m/nofp\libg.a(lib_a-mallocr.o)
                0x20000bc4                __malloc_top_pad
 .bss.errno     0x20000bc8        0x4 d:/gcc-arm-none-eabi-10.3-2021.10/bin/../lib/gcc/arm-none-eabi/10.3.1/../../../../arm-none-eabi/lib/thumb/v7e-m/nofp\libg.a(lib_a-reent.o)
                0x20000bc8                errno
 *(COMMON)
                0x20000bcc                . = ALIGN (0x4)
                0x20000bcc                _ebss = .
                0x20000bcc                __bss_end__ = _ebss

._user_heap_stack
                0x20000bcc      0x604 load address 0x0800a09c
                0x20000bd0                . = ALIGN (0x8)
 *fill*         0x20000bcc        0x4 
                [!provide]                PROVIDE (end = .)
                0x20000bd0                PROVIDE (_end = .)
                0x20000dd0                . = (. + _Min_Heap_Size)
 *fill*         0x20000bd0      0x200 
                0x200011d0                . = (. + _Min_Stack_Size)
 *fill*         0x20000dd0      0x400 
                0x200011d0                . = ALIGN (0x8)

/DISCARD/
 libc.a(*)
 libm.a(*)
 libgcc.a(*)

.ARM.attributes
                0x00000000       0x2a
 *(.ARM.attributes)
 .ARM.attributes
                0x00000000       0x1e d:/gcc-arm-none-eabi-10.3-2021.10/bin/../lib/gcc/arm-none-eabi/10.3.1/thumb/v7e-m/nofp/crti.o
 .ARM.attributes
                0x0000001e       0x2e d:/gcc-arm-none-eabi-10.3-2021.10/bin/../lib/gcc/arm-none-eabi/10.3.1/thumb/v7e-m/nofp/crtbegin.o
 .ARM.attributes
                0x0000004c       0x2e CMakeFiles/CanMotor.elf.dir/Core/Src/can.c.obj
 .ARM.attributes
                0x0000007a       0x2e CMakeFiles/CanMotor.elf.dir/Core/Src/gpio.c.obj
 .ARM.attributes
                0x000000a8       0x2e CMakeFiles/CanMotor.elf.dir/Core/Src/main.c.obj
 .ARM.attributes
                0x000000d6       0x2e CMakeFiles/CanMotor.elf.dir/Core/Src/stm32f4xx_hal_msp.c.obj
 .ARM.attributes
                0x00000104       0x2e CMakeFiles/CanMotor.elf.dir/Core/Src/stm32f4xx_it.c.obj
 .ARM.attributes
                0x00000132       0x2e CMakeFiles/CanMotor.elf.dir/Core/Src/syscalls.c.obj
 .ARM.attributes
                0x00000160       0x2e CMakeFiles/CanMotor.elf.dir/Core/Src/sysmem.c.obj
 .ARM.attributes
                0x0000018e       0x2e CMakeFiles/CanMotor.elf.dir/Core/Src/system_stm32f4xx.c.obj
 .ARM.attributes
                0x000001bc       0x2e CMakeFiles/CanMotor.elf.dir/Core/Src/usart.c.obj
 .ARM.attributes
                0x000001ea       0x21 CMakeFiles/CanMotor.elf.dir/Core/Startup/startup_stm32f407zgtx.s.obj
 .ARM.attributes
                0x0000020b       0x2e CMakeFiles/CanMotor.elf.dir/Drivers/STM32F4xx_HAL_Driver/Src/stm32f4xx_hal.c.obj
 .ARM.attributes
                0x00000239       0x2e CMakeFiles/CanMotor.elf.dir/Drivers/STM32F4xx_HAL_Driver/Src/stm32f4xx_hal_can.c.obj
 .ARM.attributes
                0x00000267       0x2e CMakeFiles/CanMotor.elf.dir/Drivers/STM32F4xx_HAL_Driver/Src/stm32f4xx_hal_cortex.c.obj
 .ARM.attributes
                0x00000295       0x2e CMakeFiles/CanMotor.elf.dir/Drivers/STM32F4xx_HAL_Driver/Src/stm32f4xx_hal_gpio.c.obj
 .ARM.attributes
                0x000002c3       0x2e CMakeFiles/CanMotor.elf.dir/Drivers/STM32F4xx_HAL_Driver/Src/stm32f4xx_hal_rcc.c.obj
 .ARM.attributes
                0x000002f1       0x2e CMakeFiles/CanMotor.elf.dir/Drivers/STM32F4xx_HAL_Driver/Src/stm32f4xx_hal_uart.c.obj
 .ARM.attributes
                0x0000031f       0x2e CMakeFiles/CanMotor.elf.dir/user/CanMotor/CanMotor.c.obj
 .ARM.attributes
                0x0000034d       0x2e CMakeFiles/CanMotor.elf.dir/user/PidControl/PidControl.c.obj
 .ARM.attributes
                0x0000037b       0x2e CMakeFiles/CanMotor.elf.dir/user/PidPosition/PidPosition.c.obj
 .ARM.attributes
                0x000003a9       0x2e CMakeFiles/CanMotor.elf.dir/user/PidSpeed/PidSpeed.c.obj
 .ARM.attributes
                0x000003d7       0x1e d:/gcc-arm-none-eabi-10.3-2021.10/bin/../lib/gcc/arm-none-eabi/10.3.1/thumb/v7e-m/nofp\libgcc.a(_arm_mulsf3.o)
 .ARM.attributes
                0x000003f5       0x1e d:/gcc-arm-none-eabi-10.3-2021.10/bin/../lib/gcc/arm-none-eabi/10.3.1/thumb/v7e-m/nofp\libgcc.a(_arm_addsubdf3.o)
 .ARM.attributes
                0x00000413       0x1e d:/gcc-arm-none-eabi-10.3-2021.10/bin/../lib/gcc/arm-none-eabi/10.3.1/thumb/v7e-m/nofp\libgcc.a(_arm_muldivdf3.o)
 .ARM.attributes
                0x00000431       0x1e d:/gcc-arm-none-eabi-10.3-2021.10/bin/../lib/gcc/arm-none-eabi/10.3.1/thumb/v7e-m/nofp\libgcc.a(_arm_addsubsf3.o)
 .ARM.attributes
                0x0000044f       0x1e d:/gcc-arm-none-eabi-10.3-2021.10/bin/../lib/gcc/arm-none-eabi/10.3.1/thumb/v7e-m/nofp\libgcc.a(_arm_cmpsf2.o)
 .ARM.attributes
                0x0000046d       0x1e d:/gcc-arm-none-eabi-10.3-2021.10/bin/../lib/gcc/arm-none-eabi/10.3.1/thumb/v7e-m/nofp\libgcc.a(_arm_fixsfsi.o)
 .ARM.attributes
                0x0000048b       0x1e d:/gcc-arm-none-eabi-10.3-2021.10/bin/../lib/gcc/arm-none-eabi/10.3.1/thumb/v7e-m/nofp\libgcc.a(_aeabi_uldivmod.o)
 .ARM.attributes
                0x000004a9       0x2e d:/gcc-arm-none-eabi-10.3-2021.10/bin/../lib/gcc/arm-none-eabi/10.3.1/thumb/v7e-m/nofp\libgcc.a(_udivmoddi4.o)
 .ARM.attributes
                0x000004d7       0x1e d:/gcc-arm-none-eabi-10.3-2021.10/bin/../lib/gcc/arm-none-eabi/10.3.1/thumb/v7e-m/nofp\libgcc.a(_dvmd_tls.o)
 .ARM.attributes
                0x000004f5       0x2e d:/gcc-arm-none-eabi-10.3-2021.10/bin/../lib/gcc/arm-none-eabi/10.3.1/../../../../arm-none-eabi/lib/thumb/v7e-m/nofp\libg.a(lib_a-errno.o)
 .ARM.attributes
                0x00000523       0x2e d:/gcc-arm-none-eabi-10.3-2021.10/bin/../lib/gcc/arm-none-eabi/10.3.1/../../../../arm-none-eabi/lib/thumb/v7e-m/nofp\libg.a(lib_a-impure.o)
 .ARM.attributes
                0x00000551       0x2e d:/gcc-arm-none-eabi-10.3-2021.10/bin/../lib/gcc/arm-none-eabi/10.3.1/../../../../arm-none-eabi/lib/thumb/v7e-m/nofp\libg.a(lib_a-init.o)
 .ARM.attributes
                0x0000057f       0x2e d:/gcc-arm-none-eabi-10.3-2021.10/bin/../lib/gcc/arm-none-eabi/10.3.1/../../../../arm-none-eabi/lib/thumb/v7e-m/nofp\libg.a(lib_a-memset.o)
 .ARM.attributes
                0x000005ad       0x2e d:/gcc-arm-none-eabi-10.3-2021.10/bin/../lib/gcc/arm-none-eabi/10.3.1/../../../../arm-none-eabi/lib/thumb/v7e-m/nofp\libg.a(lib_a-sprintf.o)
 .ARM.attributes
                0x000005db       0x2e d:/gcc-arm-none-eabi-10.3-2021.10/bin/../lib/gcc/arm-none-eabi/10.3.1/../../../../arm-none-eabi/lib/thumb/v7e-m/nofp\libg.a(lib_a-svfprintf.o)
 .ARM.attributes
                0x00000609       0x2e d:/gcc-arm-none-eabi-10.3-2021.10/bin/../lib/gcc/arm-none-eabi/10.3.1/../../../../arm-none-eabi/lib/thumb/v7e-m/nofp\libg.a(lib_a-__call_atexit.o)
 .ARM.attributes
                0x00000637       0x2e d:/gcc-arm-none-eabi-10.3-2021.10/bin/../lib/gcc/arm-none-eabi/10.3.1/../../../../arm-none-eabi/lib/thumb/v7e-m/nofp\libg.a(lib_a-atexit.o)
 .ARM.attributes
                0x00000665       0x2e d:/gcc-arm-none-eabi-10.3-2021.10/bin/../lib/gcc/arm-none-eabi/10.3.1/../../../../arm-none-eabi/lib/thumb/v7e-m/nofp\libg.a(lib_a-dtoa.o)
 .ARM.attributes
                0x00000693       0x2e d:/gcc-arm-none-eabi-10.3-2021.10/bin/../lib/gcc/arm-none-eabi/10.3.1/../../../../arm-none-eabi/lib/thumb/v7e-m/nofp\libg.a(lib_a-fini.o)
 .ARM.attributes
                0x000006c1       0x2e d:/gcc-arm-none-eabi-10.3-2021.10/bin/../lib/gcc/arm-none-eabi/10.3.1/../../../../arm-none-eabi/lib/thumb/v7e-m/nofp\libg.a(lib_a-freer.o)
 .ARM.attributes
                0x000006ef       0x2e d:/gcc-arm-none-eabi-10.3-2021.10/bin/../lib/gcc/arm-none-eabi/10.3.1/../../../../arm-none-eabi/lib/thumb/v7e-m/nofp\libg.a(lib_a-localeconv.o)
 .ARM.attributes
                0x0000071d       0x2e d:/gcc-arm-none-eabi-10.3-2021.10/bin/../lib/gcc/arm-none-eabi/10.3.1/../../../../arm-none-eabi/lib/thumb/v7e-m/nofp\libg.a(lib_a-lock.o)
 .ARM.attributes
                0x0000074b       0x2e d:/gcc-arm-none-eabi-10.3-2021.10/bin/../lib/gcc/arm-none-eabi/10.3.1/../../../../arm-none-eabi/lib/thumb/v7e-m/nofp\libg.a(lib_a-mallocr.o)
 .ARM.attributes
                0x00000779       0x1c d:/gcc-arm-none-eabi-10.3-2021.10/bin/../lib/gcc/arm-none-eabi/10.3.1/../../../../arm-none-eabi/lib/thumb/v7e-m/nofp\libg.a(lib_a-memchr.o)
 .ARM.attributes
                0x00000795       0x1c d:/gcc-arm-none-eabi-10.3-2021.10/bin/../lib/gcc/arm-none-eabi/10.3.1/../../../../arm-none-eabi/lib/thumb/v7e-m/nofp\libg.a(lib_a-memcpy.o)
 .ARM.attributes
                0x000007b1       0x2e d:/gcc-arm-none-eabi-10.3-2021.10/bin/../lib/gcc/arm-none-eabi/10.3.1/../../../../arm-none-eabi/lib/thumb/v7e-m/nofp\libg.a(lib_a-mlock.o)
 .ARM.attributes
                0x000007df       0x2e d:/gcc-arm-none-eabi-10.3-2021.10/bin/../lib/gcc/arm-none-eabi/10.3.1/../../../../arm-none-eabi/lib/thumb/v7e-m/nofp\libg.a(lib_a-mprec.o)
 .ARM.attributes
                0x0000080d       0x2e d:/gcc-arm-none-eabi-10.3-2021.10/bin/../lib/gcc/arm-none-eabi/10.3.1/../../../../arm-none-eabi/lib/thumb/v7e-m/nofp\libg.a(lib_a-s_frexp.o)
 .ARM.attributes
                0x0000083b       0x2e d:/gcc-arm-none-eabi-10.3-2021.10/bin/../lib/gcc/arm-none-eabi/10.3.1/../../../../arm-none-eabi/lib/thumb/v7e-m/nofp\libg.a(lib_a-sbrkr.o)
 .ARM.attributes
                0x00000869       0x1c d:/gcc-arm-none-eabi-10.3-2021.10/bin/../lib/gcc/arm-none-eabi/10.3.1/../../../../arm-none-eabi/lib/thumb/v7e-m/nofp\libg.a(lib_a-strlen.o)
 .ARM.attributes
                0x00000885       0x2e d:/gcc-arm-none-eabi-10.3-2021.10/bin/../lib/gcc/arm-none-eabi/10.3.1/../../../../arm-none-eabi/lib/thumb/v7e-m/nofp\libg.a(lib_a-strncpy.o)
 .ARM.attributes
                0x000008b3       0x2e d:/gcc-arm-none-eabi-10.3-2021.10/bin/../lib/gcc/arm-none-eabi/10.3.1/../../../../arm-none-eabi/lib/thumb/v7e-m/nofp\libg.a(lib_a-svfiprintf.o)
 .ARM.attributes
                0x000008e1       0x2e d:/gcc-arm-none-eabi-10.3-2021.10/bin/../lib/gcc/arm-none-eabi/10.3.1/../../../../arm-none-eabi/lib/thumb/v7e-m/nofp\libg.a(lib_a-__atexit.o)
 .ARM.attributes
                0x0000090f       0x2e d:/gcc-arm-none-eabi-10.3-2021.10/bin/../lib/gcc/arm-none-eabi/10.3.1/../../../../arm-none-eabi/lib/thumb/v7e-m/nofp\libg.a(lib_a-assert.o)
 .ARM.attributes
                0x0000093d       0x2e d:/gcc-arm-none-eabi-10.3-2021.10/bin/../lib/gcc/arm-none-eabi/10.3.1/../../../../arm-none-eabi/lib/thumb/v7e-m/nofp\libg.a(lib_a-callocr.o)
 .ARM.attributes
                0x0000096b       0x2e d:/gcc-arm-none-eabi-10.3-2021.10/bin/../lib/gcc/arm-none-eabi/10.3.1/../../../../arm-none-eabi/lib/thumb/v7e-m/nofp\libg.a(lib_a-fiprintf.o)
 .ARM.attributes
                0x00000999       0x2e d:/gcc-arm-none-eabi-10.3-2021.10/bin/../lib/gcc/arm-none-eabi/10.3.1/../../../../arm-none-eabi/lib/thumb/v7e-m/nofp\libg.a(lib_a-locale.o)
 .ARM.attributes
                0x000009c7       0x2e d:/gcc-arm-none-eabi-10.3-2021.10/bin/../lib/gcc/arm-none-eabi/10.3.1/../../../../arm-none-eabi/lib/thumb/v7e-m/nofp\libg.a(lib_a-mbtowc_r.o)
 .ARM.attributes
                0x000009f5       0x2e d:/gcc-arm-none-eabi-10.3-2021.10/bin/../lib/gcc/arm-none-eabi/10.3.1/../../../../arm-none-eabi/lib/thumb/v7e-m/nofp\libg.a(lib_a-memmove.o)
 .ARM.attributes
                0x00000a23       0x2e d:/gcc-arm-none-eabi-10.3-2021.10/bin/../lib/gcc/arm-none-eabi/10.3.1/../../../../arm-none-eabi/lib/thumb/v7e-m/nofp\libg.a(lib_a-reallocr.o)
 .ARM.attributes
                0x00000a51       0x2e d:/gcc-arm-none-eabi-10.3-2021.10/bin/../lib/gcc/arm-none-eabi/10.3.1/../../../../arm-none-eabi/lib/thumb/v7e-m/nofp\libg.a(lib_a-reent.o)
 .ARM.attributes
                0x00000a7f       0x2e d:/gcc-arm-none-eabi-10.3-2021.10/bin/../lib/gcc/arm-none-eabi/10.3.1/../../../../arm-none-eabi/lib/thumb/v7e-m/nofp\libg.a(lib_a-vfiprintf.o)
 .ARM.attributes
                0x00000aad       0x2e d:/gcc-arm-none-eabi-10.3-2021.10/bin/../lib/gcc/arm-none-eabi/10.3.1/../../../../arm-none-eabi/lib/thumb/v7e-m/nofp\libg.a(lib_a-wctomb_r.o)
 .ARM.attributes
                0x00000adb       0x2e d:/gcc-arm-none-eabi-10.3-2021.10/bin/../lib/gcc/arm-none-eabi/10.3.1/../../../../arm-none-eabi/lib/thumb/v7e-m/nofp\libg.a(lib_a-wsetup.o)
 .ARM.attributes
                0x00000b09       0x2e d:/gcc-arm-none-eabi-10.3-2021.10/bin/../lib/gcc/arm-none-eabi/10.3.1/../../../../arm-none-eabi/lib/thumb/v7e-m/nofp\libg.a(lib_a-abort.o)
 .ARM.attributes
                0x00000b37       0x2e d:/gcc-arm-none-eabi-10.3-2021.10/bin/../lib/gcc/arm-none-eabi/10.3.1/../../../../arm-none-eabi/lib/thumb/v7e-m/nofp\libg.a(lib_a-ctype_.o)
 .ARM.attributes
                0x00000b65       0x2e d:/gcc-arm-none-eabi-10.3-2021.10/bin/../lib/gcc/arm-none-eabi/10.3.1/../../../../arm-none-eabi/lib/thumb/v7e-m/nofp\libg.a(lib_a-fflush.o)
 .ARM.attributes
                0x00000b93       0x2e d:/gcc-arm-none-eabi-10.3-2021.10/bin/../lib/gcc/arm-none-eabi/10.3.1/../../../../arm-none-eabi/lib/thumb/v7e-m/nofp\libg.a(lib_a-findfp.o)
 .ARM.attributes
                0x00000bc1       0x2e d:/gcc-arm-none-eabi-10.3-2021.10/bin/../lib/gcc/arm-none-eabi/10.3.1/../../../../arm-none-eabi/lib/thumb/v7e-m/nofp\libg.a(lib_a-fputwc.o)
 .ARM.attributes
                0x00000bef       0x2e d:/gcc-arm-none-eabi-10.3-2021.10/bin/../lib/gcc/arm-none-eabi/10.3.1/../../../../arm-none-eabi/lib/thumb/v7e-m/nofp\libg.a(lib_a-fvwrite.o)
 .ARM.attributes
                0x00000c1d       0x2e d:/gcc-arm-none-eabi-10.3-2021.10/bin/../lib/gcc/arm-none-eabi/10.3.1/../../../../arm-none-eabi/lib/thumb/v7e-m/nofp\libg.a(lib_a-fwalk.o)
 .ARM.attributes
                0x00000c4b       0x2e d:/gcc-arm-none-eabi-10.3-2021.10/bin/../lib/gcc/arm-none-eabi/10.3.1/../../../../arm-none-eabi/lib/thumb/v7e-m/nofp\libg.a(lib_a-makebuf.o)
 .ARM.attributes
                0x00000c79       0x2e d:/gcc-arm-none-eabi-10.3-2021.10/bin/../lib/gcc/arm-none-eabi/10.3.1/../../../../arm-none-eabi/lib/thumb/v7e-m/nofp\libg.a(lib_a-signal.o)
 .ARM.attributes
                0x00000ca7       0x2e d:/gcc-arm-none-eabi-10.3-2021.10/bin/../lib/gcc/arm-none-eabi/10.3.1/../../../../arm-none-eabi/lib/thumb/v7e-m/nofp\libg.a(lib_a-signalr.o)
 .ARM.attributes
                0x00000cd5       0x2e d:/gcc-arm-none-eabi-10.3-2021.10/bin/../lib/gcc/arm-none-eabi/10.3.1/../../../../arm-none-eabi/lib/thumb/v7e-m/nofp\libg.a(lib_a-stdio.o)
 .ARM.attributes
                0x00000d03       0x2e d:/gcc-arm-none-eabi-10.3-2021.10/bin/../lib/gcc/arm-none-eabi/10.3.1/../../../../arm-none-eabi/lib/thumb/v7e-m/nofp\libg.a(lib_a-wbuf.o)
 .ARM.attributes
                0x00000d31       0x2e d:/gcc-arm-none-eabi-10.3-2021.10/bin/../lib/gcc/arm-none-eabi/10.3.1/../../../../arm-none-eabi/lib/thumb/v7e-m/nofp\libg.a(lib_a-wcrtomb.o)
 .ARM.attributes
                0x00000d5f       0x2e d:/gcc-arm-none-eabi-10.3-2021.10/bin/../lib/gcc/arm-none-eabi/10.3.1/../../../../arm-none-eabi/lib/thumb/v7e-m/nofp\libg.a(lib_a-writer.o)
 .ARM.attributes
                0x00000d8d       0x2e d:/gcc-arm-none-eabi-10.3-2021.10/bin/../lib/gcc/arm-none-eabi/10.3.1/../../../../arm-none-eabi/lib/thumb/v7e-m/nofp\libg.a(lib_a-closer.o)
 .ARM.attributes
                0x00000dbb       0x2e d:/gcc-arm-none-eabi-10.3-2021.10/bin/../lib/gcc/arm-none-eabi/10.3.1/../../../../arm-none-eabi/lib/thumb/v7e-m/nofp\libg.a(lib_a-fclose.o)
 .ARM.attributes
                0x00000de9       0x2e d:/gcc-arm-none-eabi-10.3-2021.10/bin/../lib/gcc/arm-none-eabi/10.3.1/../../../../arm-none-eabi/lib/thumb/v7e-m/nofp\libg.a(lib_a-fstatr.o)
 .ARM.attributes
                0x00000e17       0x2e d:/gcc-arm-none-eabi-10.3-2021.10/bin/../lib/gcc/arm-none-eabi/10.3.1/../../../../arm-none-eabi/lib/thumb/v7e-m/nofp\libg.a(lib_a-isattyr.o)
 .ARM.attributes
                0x00000e45       0x2e d:/gcc-arm-none-eabi-10.3-2021.10/bin/../lib/gcc/arm-none-eabi/10.3.1/../../../../arm-none-eabi/lib/thumb/v7e-m/nofp\libg.a(lib_a-lseekr.o)
 .ARM.attributes
                0x00000e73       0x2e d:/gcc-arm-none-eabi-10.3-2021.10/bin/../lib/gcc/arm-none-eabi/10.3.1/../../../../arm-none-eabi/lib/thumb/v7e-m/nofp\libg.a(lib_a-readr.o)
 .ARM.attributes
                0x00000ea1       0x1e d:/gcc-arm-none-eabi-10.3-2021.10/bin/../lib/gcc/arm-none-eabi/10.3.1/thumb/v7e-m/nofp\libgcc.a(_arm_cmpdf2.o)
 .ARM.attributes
                0x00000ebf       0x1e d:/gcc-arm-none-eabi-10.3-2021.10/bin/../lib/gcc/arm-none-eabi/10.3.1/thumb/v7e-m/nofp\libgcc.a(_arm_unorddf2.o)
 .ARM.attributes
                0x00000edd       0x1e d:/gcc-arm-none-eabi-10.3-2021.10/bin/../lib/gcc/arm-none-eabi/10.3.1/thumb/v7e-m/nofp\libgcc.a(_arm_fixdfsi.o)
 .ARM.attributes
                0x00000efb       0x1e d:/gcc-arm-none-eabi-10.3-2021.10/bin/../lib/gcc/arm-none-eabi/10.3.1/thumb/v7e-m/nofp/crtn.o
OUTPUT(CanMotor.elf elf32-littlearm)
LOAD linker stubs
LOAD d:/gcc-arm-none-eabi-10.3-2021.10/bin/../lib/gcc/arm-none-eabi/10.3.1/../../../../arm-none-eabi/lib/thumb/v7e-m/nofp\libc.a
LOAD d:/gcc-arm-none-eabi-10.3-2021.10/bin/../lib/gcc/arm-none-eabi/10.3.1/../../../../arm-none-eabi/lib/thumb/v7e-m/nofp\libm.a
LOAD d:/gcc-arm-none-eabi-10.3-2021.10/bin/../lib/gcc/arm-none-eabi/10.3.1/thumb/v7e-m/nofp\libgcc.a

.debug_info     0x00000000     0xad8d
 .debug_info    0x00000000      0xcb8 CMakeFiles/CanMotor.elf.dir/Core/Src/can.c.obj
 .debug_info    0x00000cb8      0x2de CMakeFiles/CanMotor.elf.dir/Core/Src/gpio.c.obj
 .debug_info    0x00000f96      0xb73 CMakeFiles/CanMotor.elf.dir/Core/Src/main.c.obj
 .debug_info    0x00001b09      0x2a4 CMakeFiles/CanMotor.elf.dir/Core/Src/stm32f4xx_hal_msp.c.obj
 .debug_info    0x00001dad      0x58e CMakeFiles/CanMotor.elf.dir/Core/Src/stm32f4xx_it.c.obj
 .debug_info    0x0000233b      0x7bb CMakeFiles/CanMotor.elf.dir/Core/Src/syscalls.c.obj
 .debug_info    0x00002af6      0x174 CMakeFiles/CanMotor.elf.dir/Core/Src/sysmem.c.obj
 .debug_info    0x00002c6a      0x538 CMakeFiles/CanMotor.elf.dir/Core/Src/system_stm32f4xx.c.obj
 .debug_info    0x000031a2      0x9a5 CMakeFiles/CanMotor.elf.dir/Core/Src/usart.c.obj
 .debug_info    0x00003b47       0x22 CMakeFiles/CanMotor.elf.dir/Core/Startup/startup_stm32f407zgtx.s.obj
 .debug_info    0x00003b69      0x9f0 CMakeFiles/CanMotor.elf.dir/Drivers/STM32F4xx_HAL_Driver/Src/stm32f4xx_hal.c.obj
 .debug_info    0x00004559     0x126a CMakeFiles/CanMotor.elf.dir/Drivers/STM32F4xx_HAL_Driver/Src/stm32f4xx_hal_can.c.obj
 .debug_info    0x000057c3     0x1098 CMakeFiles/CanMotor.elf.dir/Drivers/STM32F4xx_HAL_Driver/Src/stm32f4xx_hal_cortex.c.obj
 .debug_info    0x0000685b      0x79b CMakeFiles/CanMotor.elf.dir/Drivers/STM32F4xx_HAL_Driver/Src/stm32f4xx_hal_gpio.c.obj
 .debug_info    0x00006ff6      0xb03 CMakeFiles/CanMotor.elf.dir/Drivers/STM32F4xx_HAL_Driver/Src/stm32f4xx_hal_rcc.c.obj
 .debug_info    0x00007af9     0x1906 CMakeFiles/CanMotor.elf.dir/Drivers/STM32F4xx_HAL_Driver/Src/stm32f4xx_hal_uart.c.obj
 .debug_info    0x000093ff      0xab6 CMakeFiles/CanMotor.elf.dir/user/CanMotor/CanMotor.c.obj
 .debug_info    0x00009eb5      0x409 CMakeFiles/CanMotor.elf.dir/user/PidControl/PidControl.c.obj
 .debug_info    0x0000a2be      0x893 CMakeFiles/CanMotor.elf.dir/user/PidPosition/PidPosition.c.obj
 .debug_info    0x0000ab51      0x23c CMakeFiles/CanMotor.elf.dir/user/PidSpeed/PidSpeed.c.obj

.debug_abbrev   0x00000000     0x228b
 .debug_abbrev  0x00000000      0x1f6 CMakeFiles/CanMotor.elf.dir/Core/Src/can.c.obj
 .debug_abbrev  0x000001f6       0xd1 CMakeFiles/CanMotor.elf.dir/Core/Src/gpio.c.obj
 .debug_abbrev  0x000002c7      0x242 CMakeFiles/CanMotor.elf.dir/Core/Src/main.c.obj
 .debug_abbrev  0x00000509       0xd1 CMakeFiles/CanMotor.elf.dir/Core/Src/stm32f4xx_hal_msp.c.obj
 .debug_abbrev  0x000005da      0x195 CMakeFiles/CanMotor.elf.dir/Core/Src/stm32f4xx_it.c.obj
 .debug_abbrev  0x0000076f      0x1b4 CMakeFiles/CanMotor.elf.dir/Core/Src/syscalls.c.obj
 .debug_abbrev  0x00000923       0xe7 CMakeFiles/CanMotor.elf.dir/Core/Src/sysmem.c.obj
 .debug_abbrev  0x00000a0a      0x119 CMakeFiles/CanMotor.elf.dir/Core/Src/system_stm32f4xx.c.obj
 .debug_abbrev  0x00000b23      0x1d3 CMakeFiles/CanMotor.elf.dir/Core/Src/usart.c.obj
 .debug_abbrev  0x00000cf6       0x12 CMakeFiles/CanMotor.elf.dir/Core/Startup/startup_stm32f407zgtx.s.obj
 .debug_abbrev  0x00000d08      0x206 CMakeFiles/CanMotor.elf.dir/Drivers/STM32F4xx_HAL_Driver/Src/stm32f4xx_hal.c.obj
 .debug_abbrev  0x00000f0e      0x267 CMakeFiles/CanMotor.elf.dir/Drivers/STM32F4xx_HAL_Driver/Src/stm32f4xx_hal_can.c.obj
 .debug_abbrev  0x00001175      0x36a CMakeFiles/CanMotor.elf.dir/Drivers/STM32F4xx_HAL_Driver/Src/stm32f4xx_hal_cortex.c.obj
 .debug_abbrev  0x000014df      0x1ef CMakeFiles/CanMotor.elf.dir/Drivers/STM32F4xx_HAL_Driver/Src/stm32f4xx_hal_gpio.c.obj
 .debug_abbrev  0x000016ce      0x28a CMakeFiles/CanMotor.elf.dir/Drivers/STM32F4xx_HAL_Driver/Src/stm32f4xx_hal_rcc.c.obj
 .debug_abbrev  0x00001958      0x274 CMakeFiles/CanMotor.elf.dir/Drivers/STM32F4xx_HAL_Driver/Src/stm32f4xx_hal_uart.c.obj
 .debug_abbrev  0x00001bcc      0x232 CMakeFiles/CanMotor.elf.dir/user/CanMotor/CanMotor.c.obj
 .debug_abbrev  0x00001dfe      0x16d CMakeFiles/CanMotor.elf.dir/user/PidControl/PidControl.c.obj
 .debug_abbrev  0x00001f6b      0x229 CMakeFiles/CanMotor.elf.dir/user/PidPosition/PidPosition.c.obj
 .debug_abbrev  0x00002194       0xf7 CMakeFiles/CanMotor.elf.dir/user/PidSpeed/PidSpeed.c.obj

.debug_loc      0x00000000     0x43ab
 .debug_loc     0x00000000       0xcb CMakeFiles/CanMotor.elf.dir/Core/Src/can.c.obj
 .debug_loc     0x000000cb      0x3c5 CMakeFiles/CanMotor.elf.dir/Core/Src/syscalls.c.obj
 .debug_loc     0x00000490       0x64 CMakeFiles/CanMotor.elf.dir/Core/Src/sysmem.c.obj
 .debug_loc     0x000004f4      0x158 CMakeFiles/CanMotor.elf.dir/Core/Src/system_stm32f4xx.c.obj
 .debug_loc     0x0000064c       0x84 CMakeFiles/CanMotor.elf.dir/Core/Src/usart.c.obj
 .debug_loc     0x000006d0      0x141 CMakeFiles/CanMotor.elf.dir/Drivers/STM32F4xx_HAL_Driver/Src/stm32f4xx_hal.c.obj
 .debug_loc     0x00000811      0xde6 CMakeFiles/CanMotor.elf.dir/Drivers/STM32F4xx_HAL_Driver/Src/stm32f4xx_hal_can.c.obj
 .debug_loc     0x000015f7      0x744 CMakeFiles/CanMotor.elf.dir/Drivers/STM32F4xx_HAL_Driver/Src/stm32f4xx_hal_cortex.c.obj
 .debug_loc     0x00001d3b      0x4ff CMakeFiles/CanMotor.elf.dir/Drivers/STM32F4xx_HAL_Driver/Src/stm32f4xx_hal_gpio.c.obj
 .debug_loc     0x0000223a      0x58c CMakeFiles/CanMotor.elf.dir/Drivers/STM32F4xx_HAL_Driver/Src/stm32f4xx_hal_rcc.c.obj
 .debug_loc     0x000027c6     0x18b6 CMakeFiles/CanMotor.elf.dir/Drivers/STM32F4xx_HAL_Driver/Src/stm32f4xx_hal_uart.c.obj
 .debug_loc     0x0000407c      0x10e CMakeFiles/CanMotor.elf.dir/user/CanMotor/CanMotor.c.obj
 .debug_loc     0x0000418a      0x13a CMakeFiles/CanMotor.elf.dir/user/PidControl/PidControl.c.obj
 .debug_loc     0x000042c4       0x77 CMakeFiles/CanMotor.elf.dir/user/PidPosition/PidPosition.c.obj
 .debug_loc     0x0000433b       0x70 CMakeFiles/CanMotor.elf.dir/user/PidSpeed/PidSpeed.c.obj

.debug_aranges  0x00000000      0x8c8
 .debug_aranges
                0x00000000       0x38 CMakeFiles/CanMotor.elf.dir/Core/Src/can.c.obj
 .debug_aranges
                0x00000038       0x20 CMakeFiles/CanMotor.elf.dir/Core/Src/gpio.c.obj
 .debug_aranges
                0x00000058       0x30 CMakeFiles/CanMotor.elf.dir/Core/Src/main.c.obj
 .debug_aranges
                0x00000088       0x20 CMakeFiles/CanMotor.elf.dir/Core/Src/stm32f4xx_hal_msp.c.obj
 .debug_aranges
                0x000000a8       0x70 CMakeFiles/CanMotor.elf.dir/Core/Src/stm32f4xx_it.c.obj
 .debug_aranges
                0x00000118       0xa8 CMakeFiles/CanMotor.elf.dir/Core/Src/syscalls.c.obj
 .debug_aranges
                0x000001c0       0x20 CMakeFiles/CanMotor.elf.dir/Core/Src/sysmem.c.obj
 .debug_aranges
                0x000001e0       0x28 CMakeFiles/CanMotor.elf.dir/Core/Src/system_stm32f4xx.c.obj
 .debug_aranges
                0x00000208       0x30 CMakeFiles/CanMotor.elf.dir/Core/Src/usart.c.obj
 .debug_aranges
                0x00000238       0x28 CMakeFiles/CanMotor.elf.dir/Core/Startup/startup_stm32f407zgtx.s.obj
 .debug_aranges
                0x00000260       0xf0 CMakeFiles/CanMotor.elf.dir/Drivers/STM32F4xx_HAL_Driver/Src/stm32f4xx_hal.c.obj
 .debug_aranges
                0x00000350      0x138 CMakeFiles/CanMotor.elf.dir/Drivers/STM32F4xx_HAL_Driver/Src/stm32f4xx_hal_can.c.obj
 .debug_aranges
                0x00000488       0xa8 CMakeFiles/CanMotor.elf.dir/Drivers/STM32F4xx_HAL_Driver/Src/stm32f4xx_hal_cortex.c.obj
 .debug_aranges
                0x00000530       0x58 CMakeFiles/CanMotor.elf.dir/Drivers/STM32F4xx_HAL_Driver/Src/stm32f4xx_hal_gpio.c.obj
 .debug_aranges
                0x00000588       0x88 CMakeFiles/CanMotor.elf.dir/Drivers/STM32F4xx_HAL_Driver/Src/stm32f4xx_hal_rcc.c.obj
 .debug_aranges
                0x00000610      0x1d0 CMakeFiles/CanMotor.elf.dir/Drivers/STM32F4xx_HAL_Driver/Src/stm32f4xx_hal_uart.c.obj
 .debug_aranges
                0x000007e0       0x50 CMakeFiles/CanMotor.elf.dir/user/CanMotor/CanMotor.c.obj
 .debug_aranges
                0x00000830       0x40 CMakeFiles/CanMotor.elf.dir/user/PidControl/PidControl.c.obj
 .debug_aranges
                0x00000870       0x30 CMakeFiles/CanMotor.elf.dir/user/PidPosition/PidPosition.c.obj
 .debug_aranges
                0x000008a0       0x28 CMakeFiles/CanMotor.elf.dir/user/PidSpeed/PidSpeed.c.obj

.debug_ranges   0x00000000      0x808
 .debug_ranges  0x00000000       0x28 CMakeFiles/CanMotor.elf.dir/Core/Src/can.c.obj
 .debug_ranges  0x00000028       0x10 CMakeFiles/CanMotor.elf.dir/Core/Src/gpio.c.obj
 .debug_ranges  0x00000038       0x20 CMakeFiles/CanMotor.elf.dir/Core/Src/main.c.obj
 .debug_ranges  0x00000058       0x10 CMakeFiles/CanMotor.elf.dir/Core/Src/stm32f4xx_hal_msp.c.obj
 .debug_ranges  0x00000068       0x60 CMakeFiles/CanMotor.elf.dir/Core/Src/stm32f4xx_it.c.obj
 .debug_ranges  0x000000c8       0x98 CMakeFiles/CanMotor.elf.dir/Core/Src/syscalls.c.obj
 .debug_ranges  0x00000160       0x10 CMakeFiles/CanMotor.elf.dir/Core/Src/sysmem.c.obj
 .debug_ranges  0x00000170       0x18 CMakeFiles/CanMotor.elf.dir/Core/Src/system_stm32f4xx.c.obj
 .debug_ranges  0x00000188       0x20 CMakeFiles/CanMotor.elf.dir/Core/Src/usart.c.obj
 .debug_ranges  0x000001a8       0x20 CMakeFiles/CanMotor.elf.dir/Core/Startup/startup_stm32f407zgtx.s.obj
 .debug_ranges  0x000001c8       0xe0 CMakeFiles/CanMotor.elf.dir/Drivers/STM32F4xx_HAL_Driver/Src/stm32f4xx_hal.c.obj
 .debug_ranges  0x000002a8      0x128 CMakeFiles/CanMotor.elf.dir/Drivers/STM32F4xx_HAL_Driver/Src/stm32f4xx_hal_can.c.obj